Component: ARM Compiler 5.06 update 7 (build 960) Tool: armlink [4d3601]

==============================================================================

Section Cross References

    startup_stm32f103xb.o(STACK) refers (Special) to heapauxi.o(.text) for __use_two_region_memory
    startup_stm32f103xb.o(HEAP) refers (Special) to heapauxi.o(.text) for __use_two_region_memory
    startup_stm32f103xb.o(RESET) refers (Special) to heapauxi.o(.text) for __use_two_region_memory
    startup_stm32f103xb.o(RESET) refers to startup_stm32f103xb.o(STACK) for __initial_sp
    startup_stm32f103xb.o(RESET) refers to startup_stm32f103xb.o(.text) for Reset_Handler
    startup_stm32f103xb.o(RESET) refers to stm32f1xx_it.o(i.NMI_Handler) for NMI_Handler
    startup_stm32f103xb.o(RESET) refers to stm32f1xx_it.o(i.HardFault_Handler) for HardFault_Handler
    startup_stm32f103xb.o(RESET) refers to stm32f1xx_it.o(i.MemManage_Handler) for MemManage_Handler
    startup_stm32f103xb.o(RESET) refers to stm32f1xx_it.o(i.BusFault_Handler) for BusFault_Handler
    startup_stm32f103xb.o(RESET) refers to stm32f1xx_it.o(i.UsageFault_Handler) for UsageFault_Handler
    startup_stm32f103xb.o(RESET) refers to stm32f1xx_it.o(i.SVC_Handler) for SVC_Handler
    startup_stm32f103xb.o(RESET) refers to stm32f1xx_it.o(i.DebugMon_Handler) for DebugMon_Handler
    startup_stm32f103xb.o(RESET) refers to stm32f1xx_it.o(i.PendSV_Handler) for PendSV_Handler
    startup_stm32f103xb.o(RESET) refers to stm32f1xx_it.o(i.SysTick_Handler) for SysTick_Handler
    startup_stm32f103xb.o(RESET) refers to main.o(i.USART1_IRQHandler) for USART1_IRQHandler
    startup_stm32f103xb.o(.text) refers (Special) to heapauxi.o(.text) for __use_two_region_memory
    startup_stm32f103xb.o(.text) refers to system_stm32f1xx.o(i.SystemInit) for SystemInit
    startup_stm32f103xb.o(.text) refers to __main.o(!!!main) for __main
    startup_stm32f103xb.o(.text) refers to startup_stm32f103xb.o(HEAP) for Heap_Mem
    startup_stm32f103xb.o(.text) refers to startup_stm32f103xb.o(STACK) for Stack_Mem
    fifo.o(i.fifo_dequeue) refers to fifo.o(i.next_pos) for next_pos
    fifo.o(i.fifo_enqueue) refers to fifo.o(i.fifo_is_full) for fifo_is_full
    fifo.o(i.fifo_enqueue) refers to fifo.o(i.next_pos) for next_pos
    fifo.o(i.fifo_print) refers to _printf_percent.o(.ARM.Collect$$_printf_percent$$00000000) for _printf_percent
    fifo.o(i.fifo_print) refers to _printf_x.o(.ARM.Collect$$_printf_percent$$0000000C) for _printf_x
    fifo.o(i.fifo_print) refers to _printf_hex_int.o(.text) for _printf_longlong_hex
    fifo.o(i.fifo_print) refers to noretval__2printf.o(.text) for __2printf
    main.o(i.SystemClock_Config) refers to stm32f1xx_ll_utils.o(i.LL_Init1msTick) for LL_Init1msTick
    main.o(i.SystemClock_Config) refers to stm32f1xx_ll_utils.o(i.LL_SetSystemCoreClock) for LL_SetSystemCoreClock
    main.o(i.USART1_IRQHandler) refers to strcmpv7m.o(.text) for strcmp
    main.o(i.USART1_IRQHandler) refers to strcpy.o(.text) for strcpy
    main.o(i.USART1_IRQHandler) refers to puts.o(.text) for puts
    main.o(i.USART1_IRQHandler) refers to main.o(.bss) for .bss
    main.o(i.USART1_IRQHandler) refers to main.o(.data) for .data
    main.o(i.USART1_IRQHandler) refers to servo.o(.data) for g_movement_should_stop
    main.o(i.clear_rx_buffer) refers to main.o(.data) for .data
    main.o(i.main) refers to main.o(i.__NVIC_SetPriority) for __NVIC_SetPriority
    main.o(i.main) refers to main.o(i.SystemClock_Config) for SystemClock_Config
    main.o(i.main) refers to gpio.o(i.MX_GPIO_Init) for MX_GPIO_Init
    main.o(i.main) refers to usart.o(i.MX_USART1_UART_Init) for MX_USART1_UART_Init
    main.o(i.main) refers to tim.o(i.MX_TIM3_Init) for MX_TIM3_Init
    main.o(i.main) refers to tim.o(i.MX_TIM2_Init) for MX_TIM2_Init
    main.o(i.main) refers to tim.o(i.MX_TIM4_Init) for MX_TIM4_Init
    main.o(i.main) refers to servo.o(i.servos_init_all) for servos_init_all
    main.o(i.main) refers to stm32f1xx_ll_utils.o(i.LL_mDelay) for LL_mDelay
    main.o(i.main) refers to servo.o(i.servo_run) for servo_run
    main.o(i.main) refers to puts.o(.text) for puts
    main.o(i.main) refers to main.o(i.process_command) for process_command
    main.o(i.main) refers to main.o(.data) for .data
    main.o(i.main) refers to main.o(.bss) for .bss
    main.o(i.process_command) refers to _scanf_int.o(.text) for _scanf_int
    main.o(i.process_command) refers to _printf_percent.o(.ARM.Collect$$_printf_percent$$00000000) for _printf_percent
    main.o(i.process_command) refers to _printf_s.o(.ARM.Collect$$_printf_percent$$00000014) for _printf_s
    main.o(i.process_command) refers to _printf_str.o(.text) for _printf_str
    main.o(i.process_command) refers to strlen.o(.text) for strlen
    main.o(i.process_command) refers to strcmpv7m.o(.text) for strcmp
    main.o(i.process_command) refers to strncmp.o(.text) for strncmp
    main.o(i.process_command) refers to noretval__2printf.o(.text) for __2printf
[...]
    ..\Drivers\STM32F1xx_HAL_Driver\Src\stm32f1xx_ll_tim.c 0x00000000   Number         0  stm32f1xx_ll_tim.o ABSOLUTE
    ..\Drivers\STM32F1xx_HAL_Driver\Src\stm32f1xx_ll_usart.c 0x00000000   Number         0  stm32f1xx_ll_usart.o ABSOLUTE
    ..\Drivers\STM32F1xx_HAL_Driver\Src\stm32f1xx_ll_utils.c 0x00000000   Number         0  stm32f1xx_ll_utils.o ABSOLUTE
    ..\\Core\\Src\\automation.c              0x00000000   Number         0  automation.o ABSOLUTE
    ..\\Core\\Src\\servo.c                   0x00000000   Number         0  servo.o ABSOLUTE
    E:/Keil_v5/Arm/Packs/Keil/ARM_Compiler/1.7.2/Source/retarget_io.c 0x00000000   Number         0  retarget_io.o ABSOLUTE
    dc.s                                     0x00000000   Number         0  dc.o ABSOLUTE
    startup_stm32f103xb.s                    0x00000000   Number         0  startup_stm32f103xb.o ABSOLUTE
    RESET                                    0x08000000   Section      236  startup_stm32f103xb.o(RESET)
    !!!main                                  0x080000ec   Section        8  __main.o(!!!main)
    !!!scatter                               0x080000f4   Section       52  __scatter.o(!!!scatter)
    !!handler_copy                           0x08000128   Section       26  __scatter_copy.o(!!handler_copy)
    !!handler_zi                             0x08000144   Section       28  __scatter_zi.o(!!handler_zi)
    .ARM.Collect$$_printf_percent$$00000000  0x08000160   Section        0  _printf_percent.o(.ARM.Collect$$_printf_percent$$00000000)
    .ARM.Collect$$_printf_percent$$00000009  0x08000160   Section        6  _printf_d.o(.ARM.Collect$$_printf_percent$$00000009)
    .ARM.Collect$$_printf_percent$$00000014  0x08000166   Section        6  _printf_s.o(.ARM.Collect$$_printf_percent$$00000014)
    .ARM.Collect$$_printf_percent$$00000017  0x0800016c   Section        4  _printf_percent_end.o(.ARM.Collect$$_printf_percent$$00000017)
    .ARM.Collect$$libinit$$00000000          0x08000170   Section        2  libinit.o(.ARM.Collect$$libinit$$00000000)
    .ARM.Collect$$libinit$$00000002          0x08000172   Section        0  libinit2.o(.ARM.Collect$$libinit$$00000002)
    .ARM.Collect$$libinit$$00000004          0x08000172   Section        0  libinit2.o(.ARM.Collect$$libinit$$00000004)
    .ARM.Collect$$libinit$$00000005          0x08000172   Section        8  libinit2.o(.ARM.Collect$$libinit$$00000005)
    .ARM.Collect$$libinit$$0000000A          0x0800017a   Section        0  libinit2.o(.ARM.Collect$$libinit$$0000000A)
    .ARM.Collect$$libinit$$0000000C          0x0800017a   Section        0  libinit2.o(.ARM.Collect$$libinit$$0000000C)
    .ARM.Collect$$libinit$$0000000E          0x0800017a   Section        0  libinit2.o(.ARM.Collect$$libinit$$0000000E)
    .ARM.Collect$$libinit$$0000000F          0x0800017a   Section        6  libinit2.o(.ARM.Collect$$libinit$$0000000F)
    .ARM.Collect$$libinit$$00000011          0x08000180   Section        0  libinit2.o(.ARM.Collect$$libinit$$00000011)
    .ARM.Collect$$libinit$$00000012          0x08000180   Section       12  libinit2.o(.ARM.Collect$$libinit$$00000012)
    .ARM.Collect$$libinit$$00000013          0x0800018c   Section        0  libinit2.o(.ARM.Collect$$libinit$$00000013)
    .ARM.Collect$$libinit$$00000015          0x0800018c   Section        0  libinit2.o(.ARM.Collect$$libinit$$00000015)
    .ARM.Collect$$libinit$$00000017          0x0800018c   Section        0  libinit2.o(.ARM.Collect$$libinit$$00000017)
    .ARM.Collect$$libinit$$00000019          0x0800018c   Section        0  libinit2.o(.ARM.Collect$$libinit$$00000019)
    .ARM.Collect$$libinit$$0000001B          0x0800018c   Section        0  libinit2.o(.ARM.Collect$$libinit$$0000001B)
    .ARM.Collect$$libinit$$0000001D          0x0800018c   Section        0  libinit2.o(.ARM.Collect$$libinit$$0000001D)
    .ARM.Collect$$libinit$$0000001F          0x0800018c   Section        0  libinit2.o(.ARM.Collect$$libinit$$0000001F)
    .ARM.Collect$$libinit$$00000021          0x0800018c   Section        0  libinit2.o(.ARM.Collect$$libinit$$00000021)
    .ARM.Collect$$libinit$$00000023          0x0800018c   Section        0  libinit2.o(.ARM.Collect$$libinit$$00000023)
    .ARM.Collect$$libinit$$00000024          0x0800018c   Section        4  libinit2.o(.ARM.Collect$$libinit$$00000024)
    .ARM.Collect$$libinit$$00000025          0x08000190   Section        0  libinit2.o(.ARM.Collect$$libinit$$00000025)
    .ARM.Collect$$libinit$$0000002C          0x08000190   Section        0  libinit2.o(.ARM.Collect$$libinit$$0000002C)
    .ARM.Collect$$libinit$$0000002E          0x08000190   Section        0  libinit2.o(.ARM.Collect$$libinit$$0000002E)
    .ARM.Collect$$libinit$$00000030          0x08000190   Section        0  libinit2.o(.ARM.Collect$$libinit$$00000030)
    .ARM.Collect$$libinit$$00000032          0x08000190   Section        0  libinit2.o(.ARM.Collect$$libinit$$00000032)
    .ARM.Collect$$libinit$$00000033          0x08000190   Section        2  libinit2.o(.ARM.Collect$$libinit$$00000033)
    .ARM.Collect$$libshutdown$$00000000      0x08000192   Section        2  libshutdown.o(.ARM.Collect$$libshutdown$$00000000)
    .ARM.Collect$$libshutdown$$00000002      0x08000194   Section        0  libshutdown2.o(.ARM.Collect$$libshutdown$$00000002)
    .ARM.Collect$$libshutdown$$00000004      0x08000194   Section        0  libshutdown2.o(.ARM.Collect$$libshutdown$$00000004)
    .ARM.Collect$$libshutdown$$00000005      0x08000194   Section        4  libshutdown2.o(.ARM.Collect$$libshutdown$$00000005)
    .ARM.Collect$$libshutdown$$00000006      0x08000198   Section        0  libshutdown2.o(.ARM.Collect$$libshutdown$$00000006)
    .ARM.Collect$$libshutdown$$00000009      0x08000198   Section        0  libshutdown2.o(.ARM.Collect$$libshutdown$$00000009)
    .ARM.Collect$$libshutdown$$0000000C      0x08000198   Section        0  libshutdown2.o(.ARM.Collect$$libshutdown$$0000000C)
    .ARM.Collect$$libshutdown$$0000000E      0x08000198   Section        0  libshutdown2.o(.ARM.Collect$$libshutdown$$0000000E)
    .ARM.Collect$$libshutdown$$00000011      0x08000198   Section        0  libshutdown2.o(.ARM.Collect$$libshutdown$$00000011)
    .ARM.Collect$$libshutdown$$00000012      0x08000198   Section        2  libshutdown2.o(.ARM.Collect$$libshutdown$$00000012)
    .ARM.Collect$$rtentry$$00000000          0x0800019a   Section        0  __rtentry.o(.ARM.Collect$$rtentry$$00000000)
    .ARM.Collect$$rtentry$$00000002          0x0800019a   Section        0  __rtentry2.o(.ARM.Collect$$rtentry$$00000002)
    .ARM.Collect$$rtentry$$00000004          0x0800019a   Section        6  __rtentry4.o(.ARM.Collect$$rtentry$$00000004)
    .ARM.Collect$$rtentry$$00000009          0x080001a0   Section        0  __rtentry2.o(.ARM.Collect$$rtentry$$00000009)
    .ARM.Collect$$rtentry$$0000000A          0x080001a0   Section        4  __rtentry2.o(.ARM.Collect$$rtentry$$0000000A)
    .ARM.Collect$$rtentry$$0000000C          0x080001a4   Section        0  __rtentry2.o(.ARM.Collect$$rtentry$$0000000C)
    .ARM.Collect$$rtentry$$0000000D          0x080001a4   Section        8  __rtentry2.o(.ARM.Collect$$rtentry$$0000000D)
    .ARM.Collect$$rtexit$$00000000           0x080001ac   Section        2  rtexit.o(.ARM.Collect$$rtexit$$00000000)
    .ARM.Collect$$rtexit$$00000002           0x080001ae   Section        0  rtexit2.o(.ARM.Collect$$rtexit$$00000002)
    .ARM.Collect$$rtexit$$00000003           0x080001ae   Section        4  rtexit2.o(.ARM.Collect$$rtexit$$00000003)
    .ARM.Collect$$rtexit$$00000004           0x080001b2   Section        6  rtexit2.o(.ARM.Collect$$rtexit$$00000004)
    .emb_text                                0x080001b8   Section        0  maybetermalloc1.o(.emb_text)
    .text                                    0x080001b8   Section       64  startup_stm32f103xb.o(.text)
    .text                                    0x080001f8   Section        0  noretval__2printf.o(.text)
    .text                                    0x08000210   Section        0  noretval__2sprintf.o(.text)
    .text                                    0x08000238   Section        0  __printf.o(.text)
    .text                                    0x080002a0   Section        0  _printf_str.o(.text)
    .text                                    0x080002f4   Section        0  _printf_dec.o(.text)
    .text                                    0x0800036c   Section        0  __0sscanf.o(.text)
    .text                                    0x080003a8   Section        0  _scanf_int.o(.text)
    .text                                    0x080004f4   Section        0  puts.o(.text)
    .text                                    0x08000520   Section        0  strtok.o(.text)
    .text                                    0x0800052c   Section        0  strcpy.o(.text)
    .text                                    0x08000574   Section        0  strlen.o(.text)
    .text                                    0x080005b2   Section        0  strncmp.o(.text)
    .text                                    0x08000648   Section        0  strcat.o(.text)
    .text                                    0x08000660   Section      100  rt_memcpy_w.o(.text)
    .text                                    0x080006c4   Section       78  rt_memclr_w.o(.text)
    .text                                    0x08000714   Section      128  strcmpv7m.o(.text)
    .text                                    0x08000794   Section        0  heapauxi.o(.text)
    .text                                    0x0800079a   Section        0  _printf_intcommon.o(.text)
    .text                                    0x0800084c   Section        0  _printf_char_common.o(.text)
    _printf_input_char                       0x0800084d   Thumb Code    10  _printf_char_common.o(.text)
    .text                                    0x0800087c   Section        0  _sputc.o(.text)
    .text                                    0x08000886   Section        0  _printf_char.o(.text)
    .text                                    0x080008b4   Section        0  _printf_char_file.o(.text)
    .text                                    0x080008d8   Section        0  _chval.o(.text)
    .text                                    0x080008f4   Section        0  scanf_char.o(.text)
    _scanf_char_input                        0x080008f5   Thumb Code    12  scanf_char.o(.text)
    .text                                    0x08000920   Section        0  _sgetc.o(.text)
    .text                                    0x08000960   Section        0  strtok_int.o(.text)
    .text                                    0x080009a4   Section        0  isspace.o(.text)
    .text                                    0x080009b8   Section        0  _scanf.o(.text)
    .text                                    0x08000d2c   Section        0  ferror.o(.text)
    .text                                    0x08000d34   Section        0  flsbuf.o(.text)
    .text                                    0x08000f0c   Section        0  initio.o(.text)
    .text                                    0x08001044   Section        0  strcspn.o(.text)
    .text                                    0x08001064   Section        0  strspn.o(.text)
    .text                                    0x08001080   Section       74  sys_stackheap_outer.o(.text)
    .text                                    0x080010cc   Section       16  rt_ctype_table.o(.text)
    .text                                    0x080010dc   Section        0  h1_alloc.o(.text)
    .text                                    0x0800113a   Section        0  h1_free.o(.text)
    .text                                    0x08001188   Section        0  setvbuf.o(.text)
    .text                                    0x080011d0   Section        0  stdio.o(.text)
    .text                                    0x080012c0   Section        0  fopen.o(.text)
    _freopen_locked                          0x080012c1   Thumb Code     0  fopen.o(.text)
    .text                                    0x080013ac   Section        0  fclose.o(.text)
    .text                                    0x080013f8   Section        0  exit.o(.text)
    .text                                    0x0800140a   Section        0  defsig_rtred_outer.o(.text)
    .text                                    0x08001418   Section        8  libspace.o(.text)
    .text                                    0x08001420   Section        8  rt_heap_descriptor_intlibspace.o(.text)
    .text                                    0x08001428   Section        8  rt_locale_intlibspace.o(.text)
    .text                                    0x08001430   Section        0  hguard.o(.text)
    .text                                    0x08001434   Section        0  init_alloc.o(.text)
    .text                                    0x080014be   Section        0  h1_init.o(.text)
    .text                                    0x080014cc   Section        0  fseek.o(.text)
    .text                                    0x080015c4   Section        0  defsig_exit.o(.text)
    .text                                    0x080015d0   Section        0  defsig_rtred_inner.o(.text)
    .text                                    0x08001604   Section        0  sys_exit.o(.text)
    .text                                    0x08001610   Section        0  h1_extend.o(.text)
    .text                                    0x08001644   Section        0  ftell.o(.text)
    .text                                    0x08001686   Section        0  defsig_general.o(.text)
    .text                                    0x080016b8   Section        0  defsig_rtmem_outer.o(.text)
    .text                                    0x080016c6   Section        0  sys_wrch.o(.text)
    .text                                    0x080016d4   Section        2  use_no_semi.o(.text)
    .text                                    0x080016d6   Section        0  indicate_semi.o(.text)
    .text                                    0x080016d8   Section        8  rt_errno_addr_intlibspace.o(.text)
    .text                                    0x080016e0   Section        0  defsig_rtmem_inner.o(.text)
    i.BusFault_Handler                       0x08001730   Section        0  stm32f1xx_it.o(i.BusFault_Handler)
    i.DebugMon_Handler                       0x08001732   Section        0  stm32f1xx_it.o(i.DebugMon_Handler)
    i.HardFault_Handler                      0x08001734   Section        0  stm32f1xx_it.o(i.HardFault_Handler)
    i.LL_APB1_GRP1_EnableClock               0x08001738   Section        0  tim.o(i.LL_APB1_GRP1_EnableClock)
    LL_APB1_GRP1_EnableClock                 0x08001739   Thumb Code    18  tim.o(i.LL_APB1_GRP1_EnableClock)
    i.LL_APB2_GRP1_EnableClock               0x08001750   Section        0  gpio.o(i.LL_APB2_GRP1_EnableClock)
    LL_APB2_GRP1_EnableClock                 0x08001751   Thumb Code    18  gpio.o(i.LL_APB2_GRP1_EnableClock)
    i.LL_APB2_GRP1_EnableClock               0x08001768   Section        0  tim.o(i.LL_APB2_GRP1_EnableClock)
    LL_APB2_GRP1_EnableClock                 0x08001769   Thumb Code    18  tim.o(i.LL_APB2_GRP1_EnableClock)
    i.LL_APB2_GRP1_EnableClock               0x08001780   Section        0  usart.o(i.LL_APB2_GRP1_EnableClock)
    LL_APB2_GRP1_EnableClock                 0x08001781   Thumb Code    18  usart.o(i.LL_APB2_GRP1_EnableClock)
    i.LL_GPIO_Init                           0x08001798   Section        0  stm32f1xx_ll_gpio.o(i.LL_GPIO_Init)
    i.LL_Init1msTick                         0x08001888   Section        0  stm32f1xx_ll_utils.o(i.LL_Init1msTick)
    i.LL_RCC_GetSystemClocksFreq             0x080018a2   Section        0  stm32f1xx_ll_rcc.o(i.LL_RCC_GetSystemClocksFreq)
    i.LL_SetSystemCoreClock                  0x080018c4   Section        0  stm32f1xx_ll_utils.o(i.LL_SetSystemCoreClock)
    i.LL_TIM_Init                            0x080018d0   Section        0  stm32f1xx_ll_tim.o(i.LL_TIM_Init)
    i.LL_TIM_OC_DisablePreload               0x08001938   Section        0  tim.o(i.LL_TIM_OC_DisablePreload)
    LL_TIM_OC_DisablePreload                 0x08001939   Thumb Code    80  tim.o(i.LL_TIM_OC_DisablePreload)
    i.LL_TIM_OC_EnableFast                   0x0800198c   Section        0  tim.o(i.LL_TIM_OC_EnableFast)
    LL_TIM_OC_EnableFast                     0x0800198d   Thumb Code    80  tim.o(i.LL_TIM_OC_EnableFast)
    i.LL_TIM_OC_EnablePreload                0x080019e0   Section        0  tim.o(i.LL_TIM_OC_EnablePreload)
    LL_TIM_OC_EnablePreload                  0x080019e1   Thumb Code    80  tim.o(i.LL_TIM_OC_EnablePreload)
    i.LL_TIM_OC_Init                         0x08001a34   Section        0  stm32f1xx_ll_tim.o(i.LL_TIM_OC_Init)
    i.LL_USART_Init                          0x08001bc0   Section        0  stm32f1xx_ll_usart.o(i.LL_USART_Init)
    i.LL_mDelay                              0x08001ca4   Section        0  stm32f1xx_ll_utils.o(i.LL_mDelay)
    i.MX_GPIO_Init                           0x08001cc4   Section        0  gpio.o(i.MX_GPIO_Init)
    i.MX_TIM2_Init                           0x08001d10   Section        0  tim.o(i.MX_TIM2_Init)
    i.MX_TIM3_Init                           0x08001df0   Section        0  tim.o(i.MX_TIM3_Init)
    i.MX_TIM4_Init                           0x08001ed4   Section        0  tim.o(i.MX_TIM4_Init)
    i.MX_USART1_UART_Init                    0x08002010   Section        0  usart.o(i.MX_USART1_UART_Init)
    i.MemManage_Handler                      0x080020f8   Section        0  stm32f1xx_it.o(i.MemManage_Handler)
    i.NMI_Handler                            0x080020fa   Section        0  stm32f1xx_it.o(i.NMI_Handler)
    i.PendSV_Handler                         0x080020fc   Section        0  stm32f1xx_it.o(i.PendSV_Handler)
    i.RCC_GetHCLKClockFreq                   0x08002100   Section        0  stm32f1xx_ll_rcc.o(i.RCC_GetHCLKClockFreq)
    i.RCC_GetPCLK1ClockFreq                  0x0800211c   Section        0  stm32f1xx_ll_rcc.o(i.RCC_GetPCLK1ClockFreq)
    i.RCC_GetPCLK2ClockFreq                  0x08002138   Section        0  stm32f1xx_ll_rcc.o(i.RCC_GetPCLK2ClockFreq)
    i.RCC_GetSystemClockFreq                 0x08002154   Section        0  stm32f1xx_ll_rcc.o(i.RCC_GetSystemClockFreq)
    i.RCC_PLL_GetFreqDomain_SYS              0x08002178   Section        0  stm32f1xx_ll_rcc.o(i.RCC_PLL_GetFreqDomain_SYS)
    i.SVC_Handler                            0x080021b4   Section        0  stm32f1xx_it.o(i.SVC_Handler)
    i.SysTick_Handler                        0x080021b6   Section        0  stm32f1xx_it.o(i.SysTick_Handler)
    i.SystemClock_Config                     0x080021b8   Section        0  main.o(i.SystemClock_Config)
    i.SystemInit                             0x08002254   Section        0  system_stm32f1xx.o(i.SystemInit)
    i.USART1_IRQHandler                      0x08002258   Section        0  main.o(i.USART1_IRQHandler)
    i.UsageFault_Handler                     0x080022f4   Section        0  stm32f1xx_it.o(i.UsageFault_Handler)
    i.__NVIC_SetPriority                     0x080022f6   Section        0  main.o(i.__NVIC_SetPriority)
    __NVIC_SetPriority                       0x080022f7   Thumb Code    32  main.o(i.__NVIC_SetPriority)
    i._sys_close                             0x08002316   Section        0  retarget_io.o(i._sys_close)
    i._sys_flen                              0x0800232e   Section        0  retarget_io.o(i._sys_flen)
    i._sys_istty                             0x0800233a   Section        0  retarget_io.o(i._sys_istty)
    i._sys_open                              0x08002354   Section        0  retarget_io.o(i._sys_open)
    i._sys_seek                              0x080023b0   Section        0  retarget_io.o(i._sys_seek)
    i._sys_write                             0x080023b6   Section        0  retarget_io.o(i._sys_write)
    i.angle_to_pulse                         0x080023e4   Section        0  servo.o(i.angle_to_pulse)
    angle_to_pulse                           0x080023e5   Thumb Code    52  servo.o(i.angle_to_pulse)
    i.execute_automation_task                0x0800241c   Section        0  automation.o(i.execute_automation_task)
    i.fifo_init                              0x080024a4   Section        0  fifo.o(i.fifo_init)
    i.fputc                                  0x080024ac   Section        0  fputc.o(i.fputc)
    i.main                                   0x080024c8   Section        0  main.o(i.main)
    i.move_to_pose                           0x08002654   Section        0  automation.o(i.move_to_pose)
    i.process_command                        0x080026ac   Section        0  main.o(i.process_command)
    i.servo_cmd_angle                        0x0800276c   Section        0  servo.o(i.servo_cmd_angle)
    i.servo_init                             0x080027fc   Section        0  servo.o(i.servo_init)
    i.servo_pulse                            0x08002850   Section        0  servo.o(i.servo_pulse)
    i.servo_read                             0x080028b0   Section        0  servo.o(i.servo_read)
    i.servo_run                              0x080028cc   Section        0  servo.o(i.servo_run)
    i.servo_step                             0x08002968   Section        0  servo.o(i.servo_step)
    i.servo_write                            0x080029a0   Section        0  servo.o(i.servo_write)
    i.servo_write_angle                      0x080029d0   Section        0  servo.o(i.servo_write_angle)
    i.servos_init_all                        0x080029f0   Section        0  servo.o(i.servos_init_all)
    i.stdout_putchar                         0x08002a50   Section        0  usart.o(i.stdout_putchar)
    i.uart_tx                                0x08002a64   Section        0  usart.o(i.uart_tx)
    locale$$code                             0x08002a74   Section       44  lc_ctype_c.o(locale$$code)
    .constdata                               0x08002aa0   Section       14  tim.o(.constdata)
    OFFSET_TAB_CCMRx                         0x08002aa0   Data           7  tim.o(.constdata)
    SHIFT_TAB_OCxx                           0x08002aa7   Data           7  tim.o(.constdata)
    .constdata                               0x08002ab0   Section       36  servo.o(.constdata)
    .constdata                               0x08002ad4   Section       12  automation.o(.constdata)
    .constdata                               0x08002ae0   Section       12  automation.o(.constdata)
    .constdata                               0x08002aec   Section       12  automation.o(.constdata)
    .constdata                               0x08002af8   Section       12  automation.o(.constdata)
    .constdata                               0x08002b04   Section       12  automation.o(.constdata)
    .constdata                               0x08002b10   Section       12  automation.o(.constdata)
    .constdata                               0x08002b1c   Section       12  automation.o(.constdata)
    .constdata                               0x08002b28   Section       12  automation.o(.constdata)
    .constdata                               0x08002b34   Section       12  automation.o(.constdata)
    .constdata                               0x08002b40   Section       16  system_stm32f1xx.o(.constdata)
    .constdata                               0x08002b50   Section        8  system_stm32f1xx.o(.constdata)
    .constdata                               0x08002b58   Section        7  retarget_io.o(.constdata)
    .constdata                               0x08002b5f   Section        8  retarget_io.o(.constdata)
    .constdata                               0x08002b67   Section        8  retarget_io.o(.constdata)
    locale$$data                             0x08002b90   Section      272  lc_ctype_c.o(locale$$data)
    __lcctype_c_name                         0x08002b94   Data           2  lc_ctype_c.o(locale$$data)
    __lcctype_c_start                        0x08002b9c   Data           0  lc_ctype_c.o(locale$$data)
    __lcctype_c_end                          0x08002ca0   Data           0  lc_ctype_c.o(locale$$data)
    .data                                    0x20000000   Section        4  main.o(.data)
    .data                                    0x20000004   Section      172  servo.o(.data)
    .data                                    0x200000b0   Section       40  automation.o(.data)
    .data                                    0x200000d8   Section        4  system_stm32f1xx.o(.data)
    .data                                    0x200000dc   Section        4  strtok.o(.data)
    _strtok_saves1                           0x200000dc   Data           4  strtok.o(.data)
    .data                                    0x200000e0   Section        4  stdio_streams.o(.data)
    .data                                    0x200000e4   Section        4  stdio_streams.o(.data)
    .data                                    0x200000e8   Section        4  stdio_streams.o(.data)
    .bss                                     0x200000ec   Section      256  main.o(.bss)
    .bss                                     0x200001ec   Section     1032  usart.o(.bss)
    .bss                                     0x200005f4   Section       84  stdio_streams.o(.bss)
    .bss                                     0x20000648   Section       84  stdio_streams.o(.bss)
    .bss                                     0x2000069c   Section       84  stdio_streams.o(.bss)
    .bss                                     0x200006f0   Section       96  libspace.o(.bss)
    HEAP                                     0x20000750   Section      512  startup_stm32f103xb.o(HEAP)
    Heap_Mem                                 0x20000750   Data         512  startup_stm32f103xb.o(HEAP)
    STACK                                    0x20000950   Section     1024  startup_stm32f103xb.o(STACK)
    Stack_Mem                                0x20000950   Data        1024  startup_stm32f103xb.o(STACK)
    __initial_sp                             0x20000d50   Data           0  startup_stm32f103xb.o(STACK)

    Global Symbols

    Symbol Name                              Value     Ov Type        Size  Object(Section)

    BuildAttributes$$THM_ISAv4$P$D$K$B$S$PE$A:L22UL41UL21$X:L11$S22US41US21$IEEE1$IW$USESV6$~STKCKD$USESV7$~SHL$OTIME$ROPI$EBA8$UX$STANDARDLIB$REQ8$PRES8$EABIv2 0x00000000   Number         0  anon$$obj.o ABSOLUTE
    __ARM_use_no_argv                        0x00000000   Number         0  main.o ABSOLUTE
    __ARM_exceptions_init                     - Undefined Weak Reference
    __alloca_initialize                       - Undefined Weak Reference
    __arm_fini_                               - Undefined Weak Reference
    __arm_preinit_                            - Undefined Weak Reference
    __cpp_initialize__aeabi_                  - Undefined Weak Reference
    __cxa_finalize                            - Undefined Weak Reference
    __sigvec_lookup                           - Undefined Weak Reference
    __user_heap_extent                        - Undefined Weak Reference
    _atexit_init                              - Undefined Weak Reference
    _call_atexit_fns                          - Undefined Weak Reference
    _clock_init                               - Undefined Weak Reference
    _fp_trap_init                             - Undefined Weak Reference
    _fp_trap_shutdown                         - Undefined Weak Reference
    _get_lc_collate                           - Undefined Weak Reference
    _get_lc_monetary                          - Undefined Weak Reference
    _get_lc_numeric                           - Undefined Weak Reference
    _get_lc_time                              - Undefined Weak Reference
    _getenv_init                              - Undefined Weak Reference
    _handle_redirection                       - Undefined Weak Reference
    _mutex_acquire                            - Undefined Weak Reference
    _mutex_free                               - Undefined Weak Reference
    _mutex_release                            - Undefined Weak Reference
    _printf_mbtowc                            - Undefined Weak Reference
    _printf_post_padding                      - Undefined Weak Reference
    _printf_pre_padding                       - Undefined Weak Reference
    _printf_truncate_signed                   - Undefined Weak Reference
    _printf_truncate_unsigned                 - Undefined Weak Reference
    _rand_init                                - Undefined Weak Reference
    _scanf_longlong                           - Undefined Weak Reference
    _scanf_mbtowc                             - Undefined Weak Reference
    _scanf_real                               - Undefined Weak Reference
    _scanf_string                             - Undefined Weak Reference
    _scanf_wctomb                             - Undefined Weak Reference
    _scanf_wstring                            - Undefined Weak Reference
    _signal_finish                            - Undefined Weak Reference
    _signal_init                              - Undefined Weak Reference
    __Vectors_Size                           0x000000ec   Number         0  startup_stm32f103xb.o ABSOLUTE
    __Vectors                                0x08000000   Data           4  startup_stm32f103xb.o(RESET)
    __Vectors_End                            0x080000ec   Data           0  startup_stm32f103xb.o(RESET)
    __main                                   0x080000ed   Thumb Code     8  __main.o(!!!main)
    __scatterload                            0x080000f5   Thumb Code     0  __scatter.o(!!!scatter)
    __scatterload_rt2                        0x080000f5   Thumb Code    44  __scatter.o(!!!scatter)
    __scatterload_rt2_thumb_only             0x080000f5   Thumb Code     0  __scatter.o(!!!scatter)
    __scatterload_null                       0x08000103   Thumb Code     0  __scatter.o(!!!scatter)
    __scatterload_copy                       0x08000129   Thumb Code    26  __scatter_copy.o(!!handler_copy)
    __scatterload_zeroinit                   0x08000145   Thumb Code    28  __scatter_zi.o(!!handler_zi)
    _printf_d                                0x08000161   Thumb Code     0  _printf_d.o(.ARM.Collect$$_printf_percent$$00000009)
    _printf_percent                          0x08000161   Thumb Code     0  _printf_percent.o(.ARM.Collect$$_printf_percent$$00000000)
    _printf_s                                0x08000167   Thumb Code     0  _printf_s.o(.ARM.Collect$$_printf_percent$$00000014)
    _printf_percent_end                      0x0800016d   Thumb Code     0  _printf_percent_end.o(.ARM.Collect$$_printf_percent$$00000017)
    __rt_lib_init                            0x08000171   Thumb Code     0  libinit.o(.ARM.Collect$$libinit$$00000000)
    __rt_lib_init_fp_1                       0x08000173   Thumb Code     0  libinit2.o(.ARM.Collect$$libinit$$00000002)
    __rt_lib_init_heap_2                     0x08000173   Thumb Code     0  libinit2.o(.ARM.Collect$$libinit$$00000005)
    __rt_lib_init_preinit_1                  0x08000173   Thumb Code     0  libinit2.o(.ARM.Collect$$libinit$$00000004)
    __rt_lib_init_heap_1                     0x0800017b   Thumb Code     0  libinit2.o(.ARM.Collect$$libinit$$0000000A)
    __rt_lib_init_lc_common                  0x0800017b   Thumb Code     0  libinit2.o(.ARM.Collect$$libinit$$0000000F)
    __rt_lib_init_rand_1                     0x0800017b   Thumb Code     0  libinit2.o(.ARM.Collect$$libinit$$0000000E)
    __rt_lib_init_user_alloc_1               0x0800017b   Thumb Code     0  libinit2.o(.ARM.Collect$$libinit$$0000000C)
    __rt_lib_init_lc_collate_1               0x08000181   Thumb Code     0  libinit2.o(.ARM.Collect$$libinit$$00000011)
    __rt_lib_init_lc_ctype_2                 0x08000181   Thumb Code     0  libinit2.o(.ARM.Collect$$libinit$$00000012)
    __rt_lib_init_atexit_1                   0x0800018d   Thumb Code     0  libinit2.o(.ARM.Collect$$libinit$$0000001B)
    __rt_lib_init_clock_1                    0x0800018d   Thumb Code     0  libinit2.o(.ARM.Collect$$libinit$$00000021)
    __rt_lib_init_fp_trap_1                  0x0800018d   Thumb Code     0  libinit2.o(.ARM.Collect$$libinit$$0000001F)
    __rt_lib_init_getenv_1                   0x0800018d   Thumb Code     0  libinit2.o(.ARM.Collect$$libinit$$00000023)
    __rt_lib_init_lc_ctype_1                 0x0800018d   Thumb Code     0  libinit2.o(.ARM.Collect$$libinit$$00000013)
    __rt_lib_init_lc_monetary_1              0x0800018d   Thumb Code     0  libinit2.o(.ARM.Collect$$libinit$$00000015)
    __rt_lib_init_lc_numeric_1               0x0800018d   Thumb Code     0  libinit2.o(.ARM.Collect$$libinit$$00000017)
    __rt_lib_init_lc_time_1                  0x0800018d   Thumb Code     0  libinit2.o(.ARM.Collect$$libinit$$00000019)
    __rt_lib_init_signal_1                   0x0800018d   Thumb Code     0  libinit2.o(.ARM.Collect$$libinit$$0000001D)
    __rt_lib_init_stdio_2                    0x0800018d   Thumb Code     0  libinit2.o(.ARM.Collect$$libinit$$00000024)
    __rt_lib_init_alloca_1                   0x08000191   Thumb Code     0  libinit2.o(.ARM.Collect$$libinit$$0000002E)
    __rt_lib_init_argv_1                     0x08000191   Thumb Code     0  libinit2.o(.ARM.Collect$$libinit$$0000002C)
    __rt_lib_init_cpp_1                      0x08000191   Thumb Code     0  libinit2.o(.ARM.Collect$$libinit$$00000032)
    __rt_lib_init_exceptions_1               0x08000191   Thumb Code     0  libinit2.o(.ARM.Collect$$libinit$$00000030)
    __rt_lib_init_return                     0x08000191   Thumb Code     0  libinit2.o(.ARM.Collect$$libinit$$00000033)
    __rt_lib_init_stdio_1                    0x08000191   Thumb Code     0  libinit2.o(.ARM.Collect$$libinit$$00000025)
    __rt_lib_shutdown                        0x08000193   Thumb Code     0  libshutdown.o(.ARM.Collect$$libshutdown$$00000000)
    __rt_lib_shutdown_cpp_1                  0x08000195   Thumb Code     0  libshutdown2.o(.ARM.Collect$$libshutdown$$00000004)
    __rt_lib_shutdown_fini_1                 0x08000195   Thumb Code     0  libshutdown2.o(.ARM.Collect$$libshutdown$$00000002)
    __rt_lib_shutdown_stdio_2                0x08000195   Thumb Code     0  libshutdown2.o(.ARM.Collect$$libshutdown$$00000005)
    __rt_lib_shutdown_fp_trap_1              0x08000199   Thumb Code     0  libshutdown2.o(.ARM.Collect$$libshutdown$$00000009)
    __rt_lib_shutdown_heap_1                 0x08000199   Thumb Code     0  libshutdown2.o(.ARM.Collect$$libshutdown$$00000011)
    __rt_lib_shutdown_return                 0x08000199   Thumb Code     0  libshutdown2.o(.ARM.Collect$$libshutdown$$00000012)
    __rt_lib_shutdown_signal_1               0x08000199   Thumb Code     0  libshutdown2.o(.ARM.Collect$$libshutdown$$0000000C)
    __rt_lib_shutdown_stdio_1                0x08000199   Thumb Code     0  libshutdown2.o(.ARM.Collect$$libshutdown$$00000006)
    __rt_lib_shutdown_user_alloc_1           0x08000199   Thumb Code     0  libshutdown2.o(.ARM.Collect$$libshutdown$$0000000E)
    __rt_entry                               0x0800019b   Thumb Code     0  __rtentry.o(.ARM.Collect$$rtentry$$00000000)
    __rt_entry_presh_1                       0x0800019b   Thumb Code     0  __rtentry2.o(.ARM.Collect$$rtentry$$00000002)
    __rt_entry_sh                            0x0800019b   Thumb Code     0  __rtentry4.o(.ARM.Collect$$rtentry$$00000004)
    __rt_entry_li                            0x080001a1   Thumb Code     0  __rtentry2.o(.ARM.Collect$$rtentry$$0000000A)
    __rt_entry_postsh_1                      0x080001a1   Thumb Code     0  __rtentry2.o(.ARM.Collect$$rtentry$$00000009)
    __rt_entry_main                          0x080001a5   Thumb Code     0  __rtentry2.o(.ARM.Collect$$rtentry$$0000000D)
    __rt_entry_postli_1                      0x080001a5   Thumb Code     0  __rtentry2.o(.ARM.Collect$$rtentry$$0000000C)
    __rt_exit                                0x080001ad   Thumb Code     0  rtexit.o(.ARM.Collect$$rtexit$$00000000)
    __rt_exit_ls                             0x080001af   Thumb Code     0  rtexit2.o(.ARM.Collect$$rtexit$$00000003)
    __rt_exit_prels_1                        0x080001af   Thumb Code     0  rtexit2.o(.ARM.Collect$$rtexit$$00000002)
    __rt_exit_exit                           0x080001b3   Thumb Code     0  rtexit2.o(.ARM.Collect$$rtexit$$00000004)
    Reset_Handler                            0x080001b9   Thumb Code     8  startup_stm32f103xb.o(.text)
    _maybe_terminate_alloc                   0x080001b9   Thumb Code     0  maybetermalloc1.o(.emb_text)
    ADC1_2_IRQHandler                        0x080001d3   Thumb Code     0  startup_stm32f103xb.o(.text)
    CAN1_RX1_IRQHandler                      0x080001d3   Thumb Code     0  startup_stm32f103xb.o(.text)
    CAN1_SCE_IRQHandler                      0x080001d3   Thumb Code     0  startup_stm32f103xb.o(.text)
    DMA1_Channel1_IRQHandler                 0x080001d3   Thumb Code     0  startup_stm32f103xb.o(.text)
    DMA1_Channel2_IRQHandler                 0x080001d3   Thumb Code     0  startup_stm32f103xb.o(.text)
    DMA1_Channel3_IRQHandler                 0x080001d3   Thumb Code     0  startup_stm32f103xb.o(.text)
    DMA1_Channel4_IRQHandler                 0x080001d3   Thumb Code     0  startup_stm32f103xb.o(.text)
    DMA1_Channel5_IRQHandler                 0x080001d3   Thumb Code     0  startup_stm32f103xb.o(.text)
    DMA1_Channel6_IRQHandler                 0x080001d3   Thumb Code     0  startup_stm32f103xb.o(.text)
    DMA1_Channel7_IRQHandler                 0x080001d3   Thumb Code     0  startup_stm32f103xb.o(.text)
    EXTI0_IRQHandler                         0x080001d3   Thumb Code     0  startup_stm32f103xb.o(.text)
    EXTI15_10_IRQHandler                     0x080001d3   Thumb Code     0  startup_stm32f103xb.o(.text)
    EXTI1_IRQHandler                         0x080001d3   Thumb Code     0  startup_stm32f103xb.o(.text)
    EXTI2_IRQHandler                         0x080001d3   Thumb Code     0  startup_stm32f103xb.o(.text)
    EXTI3_IRQHandler                         0x080001d3   Thumb Code     0  startup_stm32f103xb.o(.text)
    EXTI4_IRQHandler                         0x080001d3   Thumb Code     0  startup_stm32f103xb.o(.text)
    EXTI9_5_IRQHandler                       0x080001d3   Thumb Code     0  startup_stm32f103xb.o(.text)
    FLASH_IRQHandler                         0x080001d3   Thumb Code     0  startup_stm32f103xb.o(.text)
    I2C1_ER_IRQHandler                       0x080001d3   Thumb Code     0  startup_stm32f103xb.o(.text)
    I2C1_EV_IRQHandler                       0x080001d3   Thumb Code     0  startup_stm32f103xb.o(.text)
    I2C2_ER_IRQHandler                       0x080001d3   Thumb Code     0  startup_stm32f103xb.o(.text)
    I2C2_EV_IRQHandler                       0x080001d3   Thumb Code     0  startup_stm32f103xb.o(.text)
    PVD_IRQHandler                           0x080001d3   Thumb Code     0  startup_stm32f103xb.o(.text)
    RCC_IRQHandler                           0x080001d3   Thumb Code     0  startup_stm32f103xb.o(.text)
    RTC_Alarm_IRQHandler                     0x080001d3   Thumb Code     0  startup_stm32f103xb.o(.text)
    RTC_IRQHandler                           0x080001d3   Thumb Code     0  startup_stm32f103xb.o(.text)
    SPI1_IRQHandler                          0x080001d3   Thumb Code     0  startup_stm32f103xb.o(.text)
    SPI2_IRQHandler                          0x080001d3   Thumb Code     0  startup_stm32f103xb.o(.text)
    TAMPER_IRQHandler                        0x080001d3   Thumb Code     0  startup_stm32f103xb.o(.text)
    TIM1_BRK_IRQHandler                      0x080001d3   Thumb Code     0  startup_stm32f103xb.o(.text)
    TIM1_CC_IRQHandler                       0x080001d3   Thumb Code     0  startup_stm32f103xb.o(.text)
    TIM1_TRG_COM_IRQHandler                  0x080001d3   Thumb Code     0  startup_stm32f103xb.o(.text)
    TIM1_UP_IRQHandler                       0x080001d3   Thumb Code     0  startup_stm32f103xb.o(.text)
    TIM2_IRQHandler                          0x080001d3   Thumb Code     0  startup_stm32f103xb.o(.text)
    TIM3_IRQHandler                          0x080001d3   Thumb Code     0  startup_stm32f103xb.o(.text)
    TIM4_IRQHandler                          0x080001d3   Thumb Code     0  startup_stm32f103xb.o(.text)
    USART2_IRQHandler                        0x080001d3   Thumb Code     0  startup_stm32f103xb.o(.text)
    USART3_IRQHandler                        0x080001d3   Thumb Code     0  startup_stm32f103xb.o(.text)
    USBWakeUp_IRQHandler                     0x080001d3   Thumb Code     0  startup_stm32f103xb.o(.text)
    USB_HP_CAN1_TX_IRQHandler                0x080001d3   Thumb Code     0  startup_stm32f103xb.o(.text)
    USB_LP_CAN1_RX0_IRQHandler               0x080001d3   Thumb Code     0  startup_stm32f103xb.o(.text)
    WWDG_IRQHandler                          0x080001d3   Thumb Code     0  startup_stm32f103xb.o(.text)
    __user_initial_stackheap                 0x080001d5   Thumb Code     0  startup_stm32f103xb.o(.text)
    __2printf                                0x080001f9   Thumb Code    20  noretval__2printf.o(.text)
    __2sprintf                               0x08000211   Thumb Code    34  noretval__2sprintf.o(.text)
    __printf                                 0x08000239   Thumb Code   104  __printf.o(.text)
    _printf_str                              0x080002a1   Thumb Code    82  _printf_str.o(.text)
    _printf_int_dec                          0x080002f5   Thumb Code   104  _printf_dec.o(.text)
    __0sscanf                                0x0800036d   Thumb Code    52  __0sscanf.o(.text)
    _scanf_int                               0x080003a9   Thumb Code   332  _scanf_int.o(.text)
    puts                                     0x080004f5   Thumb Code    40  puts.o(.text)
    strtok                                   0x08000521   Thumb Code     6  strtok.o(.text)
    strcpy                                   0x0800052d   Thumb Code    72  strcpy.o(.text)
    strlen                                   0x08000575   Thumb Code    62  strlen.o(.text)
    strncmp                                  0x080005b3   Thumb Code   150  strncmp.o(.text)
    strcat                                   0x08000649   Thumb Code    24  strcat.o(.text)
    __aeabi_memcpy4                          0x08000661   Thumb Code     0  rt_memcpy_w.o(.text)
    __aeabi_memcpy8                          0x08000661   Thumb Code     0  rt_memcpy_w.o(.text)
    __rt_memcpy_w                            0x08000661   Thumb Code   100  rt_memcpy_w.o(.text)
    _memcpy_lastbytes_aligned                0x080006a9   Thumb Code     0  rt_memcpy_w.o(.text)
    __aeabi_memclr4                          0x080006c5   Thumb Code     0  rt_memclr_w.o(.text)
    __aeabi_memclr8                          0x080006c5   Thumb Code     0  rt_memclr_w.o(.text)
    __rt_memclr_w                            0x080006c5   Thumb Code    78  rt_memclr_w.o(.text)
    _memset_w                                0x080006c9   Thumb Code     0  rt_memclr_w.o(.text)
    strcmp                                   0x08000715   Thumb Code   128  strcmpv7m.o(.text)
    __use_two_region_memory                  0x08000795   Thumb Code     2  heapauxi.o(.text)
    __rt_heap_escrow                         0x08000797   Thumb Code     2  heapauxi.o(.text)
    __rt_heap_expand                         0x08000799   Thumb Code     2  heapauxi.o(.text)
    _printf_int_common                       0x0800079b   Thumb Code   178  _printf_intcommon.o(.text)
    _printf_char_common                      0x08000857   Thumb Code    32  _printf_char_common.o(.text)
    _sputc                                   0x0800087d   Thumb Code    10  _sputc.o(.text)
    _printf_cs_common                        0x08000887   Thumb Code    20  _printf_char.o(.text)
    _printf_char                             0x0800089b   Thumb Code    16  _printf_char.o(.text)
    _printf_string                           0x080008ab   Thumb Code     8  _printf_char.o(.text)
    _printf_char_file                        0x080008b5   Thumb Code    32  _printf_char_file.o(.text)
    _chval                                   0x080008d9   Thumb Code    28  _chval.o(.text)
    __vfscanf_char                           0x08000901   Thumb Code    24  scanf_char.o(.text)
    _sgetc                                   0x08000921   Thumb Code    30  _sgetc.o(.text)
    _sbackspace                              0x0800093f   Thumb Code    34  _sgetc.o(.text)
    __strtok_internal                        0x08000961   Thumb Code    64  strtok_int.o(.text)
    isspace                                  0x080009a5   Thumb Code    18  isspace.o(.text)
    __vfscanf                                0x080009b9   Thumb Code   880  _scanf.o(.text)
    ferror                                   0x08000d2d   Thumb Code     8  ferror.o(.text)
    __flsbuf                                 0x08000d35   Thumb Code   470  flsbuf.o(.text)
    __flsbuf_byte                            0x08000d35   Thumb Code     0  flsbuf.o(.text)
    __flsbuf_wide                            0x08000d35   Thumb Code     0  flsbuf.o(.text)
    _initio                                  0x08000f0d   Thumb Code   210  initio.o(.text)
    _terminateio                             0x08000fdf   Thumb Code    56  initio.o(.text)
    strcspn                                  0x08001045   Thumb Code    32  strcspn.o(.text)
    strspn                                   0x08001065   Thumb Code    28  strspn.o(.text)
    __user_setup_stackheap                   0x08001081   Thumb Code    74  sys_stackheap_outer.o(.text)
    __rt_ctype_table                         0x080010cd   Thumb Code    16  rt_ctype_table.o(.text)
    malloc                                   0x080010dd   Thumb Code    94  h1_alloc.o(.text)
    free                                     0x0800113b   Thumb Code    78  h1_free.o(.text)
    setvbuf                                  0x08001189   Thumb Code    70  setvbuf.o(.text)
    _seterr                                  0x080011d1   Thumb Code    20  stdio.o(.text)
    _writebuf                                0x080011e5   Thumb Code    84  stdio.o(.text)
    _fflush                                  0x08001239   Thumb Code    70  stdio.o(.text)
    _deferredlazyseek                        0x0800127f   Thumb Code    60  stdio.o(.text)
    freopen                                  0x080012c1   Thumb Code   158  fopen.o(.text)
    fopen                                    0x0800135f   Thumb Code    74  fopen.o(.text)
    _fclose_internal                         0x080013ad   Thumb Code    76  fclose.o(.text)
    fclose                                   0x080013ad   Thumb Code     0  fclose.o(.text)
    exit                                     0x080013f9   Thumb Code    18  exit.o(.text)
    __rt_SIGRTRED                            0x0800140b   Thumb Code    14  defsig_rtred_outer.o(.text)
    __user_libspace                          0x08001419   Thumb Code     8  libspace.o(.text)
    __user_perproc_libspace                  0x08001419   Thumb Code     0  libspace.o(.text)
    __user_perthread_libspace                0x08001419   Thumb Code     0  libspace.o(.text)
    __rt_heap_descriptor                     0x08001421   Thumb Code     8  rt_heap_descriptor_intlibspace.o(.text)
    __rt_locale                              0x08001429   Thumb Code     8  rt_locale_intlibspace.o(.text)
    __use_no_heap                            0x08001431   Thumb Code     2  hguard.o(.text)
    __heap$guard                             0x08001433   Thumb Code     2  hguard.o(.text)
    _terminate_user_alloc                    0x08001435   Thumb Code     2  init_alloc.o(.text)
    _init_user_alloc                         0x08001437   Thumb Code     2  init_alloc.o(.text)
    __Heap_Full                              0x08001439   Thumb Code    34  init_alloc.o(.text)
    __Heap_Broken                            0x0800145b   Thumb Code     6  init_alloc.o(.text)
    _init_alloc                              0x08001461   Thumb Code    94  init_alloc.o(.text)
    __Heap_Initialize                        0x080014bf   Thumb Code    10  h1_init.o(.text)
    __Heap_DescSize                          0x080014c9   Thumb Code     4  h1_init.o(.text)
    _fseek                                   0x080014cd   Thumb Code   242  fseek.o(.text)
    fseek                                    0x080014cd   Thumb Code     0  fseek.o(.text)
    __sig_exit                               0x080015c5   Thumb Code    10  defsig_exit.o(.text)
    __rt_SIGRTRED_inner                      0x080015d1   Thumb Code    14  defsig_rtred_inner.o(.text)
    _sys_exit                                0x08001605   Thumb Code     8  sys_exit.o(.text)
    __Heap_ProvideMemory                     0x08001611   Thumb Code    52  h1_extend.o(.text)
    _ftell_internal                          0x08001645   Thumb Code    66  ftell.o(.text)
    ftell                                    0x08001645   Thumb Code     0  ftell.o(.text)
    __default_signal_display                 0x08001687   Thumb Code    50  defsig_general.o(.text)
    __rt_SIGRTMEM                            0x080016b9   Thumb Code    14  defsig_rtmem_outer.o(.text)
    _ttywrch                                 0x080016c7   Thumb Code    14  sys_wrch.o(.text)
    __I$use$semihosting                      0x080016d5   Thumb Code     0  use_no_semi.o(.text)
    __use_no_semihosting_swi                 0x080016d5   Thumb Code     2  use_no_semi.o(.text)
    __semihosting_library_function           0x080016d7   Thumb Code     0  indicate_semi.o(.text)
    __aeabi_errno_addr                       0x080016d9   Thumb Code     8  rt_errno_addr_intlibspace.o(.text)
    __errno$intlibspace                      0x080016d9   Thumb Code     0  rt_errno_addr_intlibspace.o(.text)
    __rt_errno_addr$intlibspace              0x080016d9   Thumb Code     0  rt_errno_addr_intlibspace.o(.text)
    __rt_SIGRTMEM_inner                      0x080016e1   Thumb Code    22  defsig_rtmem_inner.o(.text)
    BusFault_Handler                         0x08001731   Thumb Code     2  stm32f1xx_it.o(i.BusFault_Handler)
    DebugMon_Handler                         0x08001733   Thumb Code     2  stm32f1xx_it.o(i.DebugMon_Handler)
    HardFault_Handler                        0x08001735   Thumb Code     2  stm32f1xx_it.o(i.HardFault_Handler)
    LL_GPIO_Init                             0x08001799   Thumb Code   240  stm32f1xx_ll_gpio.o(i.LL_GPIO_Init)
    LL_Init1msTick                           0x08001889   Thumb Code    26  stm32f1xx_ll_utils.o(i.LL_Init1msTick)
    LL_RCC_GetSystemClocksFreq               0x080018a3   Thumb Code    32  stm32f1xx_ll_rcc.o(i.LL_RCC_GetSystemClocksFreq)
    LL_SetSystemCoreClock                    0x080018c5   Thumb Code     6  stm32f1xx_ll_utils.o(i.LL_SetSystemCoreClock)
    LL_TIM_Init                              0x080018d1   Thumb Code    92  stm32f1xx_ll_tim.o(i.LL_TIM_Init)
    LL_TIM_OC_Init                           0x08001a35   Thumb Code   390  stm32f1xx_ll_tim.o(i.LL_TIM_OC_Init)
    LL_USART_Init                            0x08001bc1   Thumb Code   214  stm32f1xx_ll_usart.o(i.LL_USART_Init)
    LL_mDelay                                0x08001ca5   Thumb Code    30  stm32f1xx_ll_utils.o(i.LL_mDelay)
    MX_GPIO_Init                             0x08001cc5   Thumb Code    68  gpio.o(i.MX_GPIO_Init)
    MX_TIM2_Init                             0x08001d11   Thumb Code   210  tim.o(i.MX_TIM2_Init)
    MX_TIM3_Init                             0x08001df1   Thumb Code   210  tim.o(i.MX_TIM3_Init)
    MX_TIM4_Init                             0x08001ed5   Thumb Code   302  tim.o(i.MX_TIM4_Init)
    MX_USART1_UART_Init                      0x08002011   Thumb Code   202  usart.o(i.MX_USART1_UART_Init)
    MemManage_Handler                        0x080020f9   Thumb Code     2  stm32f1xx_it.o(i.MemManage_Handler)
    NMI_Handler                              0x080020fb   Thumb Code     2  stm32f1xx_it.o(i.NMI_Handler)
    PendSV_Handler                           0x080020fd   Thumb Code     2  stm32f1xx_it.o(i.PendSV_Handler)
    RCC_GetHCLKClockFreq                     0x08002101   Thumb Code    18  stm32f1xx_ll_rcc.o(i.RCC_GetHCLKClockFreq)
    RCC_GetPCLK1ClockFreq                    0x0800211d   Thumb Code    20  stm32f1xx_ll_rcc.o(i.RCC_GetPCLK1ClockFreq)
    RCC_GetPCLK2ClockFreq                    0x08002139   Thumb Code    20  stm32f1xx_ll_rcc.o(i.RCC_GetPCLK2ClockFreq)
    RCC_GetSystemClockFreq                   0x08002155   Thumb Code    26  stm32f1xx_ll_rcc.o(i.RCC_GetSystemClockFreq)
    RCC_PLL_GetFreqDomain_SYS                0x08002179   Thumb Code    48  stm32f1xx_ll_rcc.o(i.RCC_PLL_GetFreqDomain_SYS)
    SVC_Handler                              0x080021b5   Thumb Code     2  stm32f1xx_it.o(i.SVC_Handler)
    SysTick_Handler                          0x080021b7   Thumb Code     2  stm32f1xx_it.o(i.SysTick_Handler)
    SystemClock_Config                       0x080021b9   Thumb Code   144  main.o(i.SystemClock_Config)
    SystemInit                               0x08002255   Thumb Code     2  system_stm32f1xx.o(i.SystemInit)
    USART1_IRQHandler                        0x08002259   Thumb Code   114  main.o(i.USART1_IRQHandler)
    UsageFault_Handler                       0x080022f5   Thumb Code     2  stm32f1xx_it.o(i.UsageFault_Handler)
    _sys_close                               0x08002317   Thumb Code    24  retarget_io.o(i._sys_close)
    _sys_flen                                0x0800232f   Thumb Code    12  retarget_io.o(i._sys_flen)
    _sys_istty                               0x0800233b   Thumb Code    24  retarget_io.o(i._sys_istty)
    _sys_open                                0x08002355   Thumb Code    68  retarget_io.o(i._sys_open)
    _sys_seek                                0x080023b1   Thumb Code     6  retarget_io.o(i._sys_seek)
    _sys_write                               0x080023b7   Thumb Code    46  retarget_io.o(i._sys_write)
    execute_automation_task                  0x0800241d   Thumb Code    68  automation.o(i.execute_automation_task)
    fifo_init                                0x080024a5   Thumb Code     8  fifo.o(i.fifo_init)
    fputc                                    0x080024ad   Thumb Code    26  fputc.o(i.fputc)
    main                                     0x080024c9   Thumb Code   248  main.o(i.main)
    move_to_pose                             0x08002655   Thumb Code    70  automation.o(i.move_to_pose)
    process_command                          0x080026ad   Thumb Code   114  main.o(i.process_command)
    servo_cmd_angle                          0x0800276d   Thumb Code   112  servo.o(i.servo_cmd_angle)
    servo_init                               0x080027fd   Thumb Code    78  servo.o(i.servo_init)
    servo_pulse                              0x08002851   Thumb Code    90  servo.o(i.servo_pulse)
    servo_read                               0x080028b1   Thumb Code    22  servo.o(i.servo_read)
    servo_run                                0x080028cd   Thumb Code   120  servo.o(i.servo_run)
    servo_step                               0x08002969   Thumb Code    50  servo.o(i.servo_step)
    servo_write                              0x080029a1   Thumb Code    44  servo.o(i.servo_write)
    servo_write_angle                        0x080029d1   Thumb Code    30  servo.o(i.servo_write_angle)
    servos_init_all                          0x080029f1   Thumb Code    92  servo.o(i.servos_init_all)
    stdout_putchar                           0x08002a51   Thumb Code    16  usart.o(i.stdout_putchar)
    uart_tx                                  0x08002a65   Thumb Code    14  usart.o(i.uart_tx)
    _get_lc_ctype                            0x08002a75   Thumb Code    44  lc_ctype_c.o(locale$$code)
    POSE_HOME                                0x08002ad4   Data          12  automation.o(.constdata)
    POSE_READY_TO_PICK                       0x08002ae0   Data          12  automation.o(.constdata)
    POSE_PICK                                0x08002aec   Data          12  automation.o(.constdata)
    POSE_GRASP                               0x08002af8   Data          12  automation.o(.constdata)
    POSE_LIFT_UP                             0x08002b04   Data          12  automation.o(.constdata)
    POSE_READY_TO_PLACE                      0x08002b10   Data          12  automation.o(.constdata)
    POSE_PLACE                               0x08002b1c   Data          12  automation.o(.constdata)
    POSE_RELEASE                             0x08002b28   Data          12  automation.o(.constdata)
    POSE_RETREAT                             0x08002b34   Data          12  automation.o(.constdata)
    AHBPrescTable                            0x08002b40   Data          16  system_stm32f1xx.o(.constdata)
    APBPrescTable                            0x08002b50   Data           8  system_stm32f1xx.o(.constdata)
    __stdin_name                             0x08002b58   Data           7  retarget_io.o(.constdata)
    __stdout_name                            0x08002b5f   Data           8  retarget_io.o(.constdata)
    __stderr_name                            0x08002b67   Data           8  retarget_io.o(.constdata)
    Region$$Table$$Base                      0x08002b70   Number         0  anon$$obj.o(Region$$Table)
    Region$$Table$$Limit                     0x08002b90   Number         0  anon$$obj.o(Region$$Table)
    __ctype                                  0x08002b9d   Data           0  lc_ctype_c.o(locale$$data)
    g_new_command_received                   0x20000000   Data           1  main.o(.data)
    rx_buffer_index                          0x20000002   Data           2  main.o(.data)
    g_movement_should_stop                   0x20000004   Data           1  servo.o(.data)
    servos                                   0x20000008   Data         168  servo.o(.data)
    pick_and_place_sequence                  0x200000b0   Data          40  automation.o(.data)
    SystemCoreClock                          0x200000d8   Data           4  system_stm32f1xx.o(.data)
    __aeabi_stdin                            0x200000e0   Data           4  stdio_streams.o(.data)
    __aeabi_stdout                           0x200000e4   Data           4  stdio_streams.o(.data)
    __aeabi_stderr                           0x200000e8   Data           4  stdio_streams.o(.data)
    rx_buffer                                0x200000ec   Data         128  main.o(.bss)
    line_buffer                              0x2000016c   Data         128  main.o(.bss)
    usart1_rxbuf                             0x200001ec   Data        1032  usart.o(.bss)
    __stdin                                  0x200005f4   Data          84  stdio_streams.o(.bss)
    __stdout                                 0x20000648   Data          84  stdio_streams.o(.bss)
    __stderr                                 0x2000069c   Data          84  stdio_streams.o(.bss)
    __libspace_start                         0x200006f0   Data          96  libspace.o(.bss)
    __temporary_stack_top$libspace           0x20000750   Data           0  libspace.o(.bss)



==============================================================================

Memory Map of the image

  Image Entry point : 0x080000ed

  Load Region LR_IROM1 (Base: 0x08000000, Size: 0x00002d8c, Max: 0x00010000, ABSOLUTE)

    Execution Region ER_IROM1 (Exec base: 0x08000000, Load base: 0x08000000, Size: 0x00002ca0, Max: 0x00010000, ABSOLUTE)

    Exec Addr    Load Addr    Size         Type   Attr      Idx    E Section Name        Object

    0x08000000   0x08000000   0x000000ec   Data   RO            3    RESET               startup_stm32f103xb.o
    0x080000ec   0x080000ec   0x00000008   Code   RO         1276  * !!!main             c_w.l(__main.o)
    0x080000f4   0x080000f4   0x00000034   Code   RO         1650    !!!scatter          c_w.l(__scatter.o)
    0x08000128   0x08000128   0x0000001a   Code   RO         1652    !!handler_copy      c_w.l(__scatter_copy.o)
    0x08000142   0x08000142   0x00000002   PAD
    0x08000144   0x08000144   0x0000001c   Code   RO         1654    !!handler_zi        c_w.l(__scatter_zi.o)
    0x08000160   0x08000160   0x00000000   Code   RO         1250    .ARM.Collect$$_printf_percent$$00000000  c_w.l(_printf_percent.o)
    0x08000160   0x08000160   0x00000006   Code   RO         1249    .ARM.Collect$$_printf_percent$$00000009  c_w.l(_printf_d.o)
    0x08000166   0x08000166   0x00000006   Code   RO         1247    .ARM.Collect$$_printf_percent$$00000014  c_w.l(_printf_s.o)
    0x0800016c   0x0800016c   0x00000004   Code   RO         1289    .ARM.Collect$$_printf_percent$$00000017  c_w.l(_printf_percent_end.o)
    0x08000170   0x08000170   0x00000002   Code   RO         1449    .ARM.Collect$$libinit$$00000000  c_w.l(libinit.o)
    0x08000172   0x08000172   0x00000000   Code   RO         1451    .ARM.Collect$$libinit$$00000002  c_w.l(libinit2.o)
    0x08000172   0x08000172   0x00000000   Code   RO         1453    .ARM.Collect$$libinit$$00000004  c_w.l(libinit2.o)
    0x08000172   0x08000172   0x00000008   Code   RO         1454    .ARM.Collect$$libinit$$00000005  c_w.l(libinit2.o)
    0x0800017a   0x0800017a   0x00000000   Code   RO         1456    .ARM.Collect$$libinit$$0000000A  c_w.l(libinit2.o)
    0x0800017a   0x0800017a   0x00000000   Code   RO         1458    .ARM.Collect$$libinit$$0000000C  c_w.l(libinit2.o)
    0x0800017a   0x0800017a   0x00000000   Code   RO         1460    .ARM.Collect$$libinit$$0000000E  c_w.l(libinit2.o)
    0x0800017a   0x0800017a   0x00000006   Code   RO         1461    .ARM.Collect$$libinit$$0000000F  c_w.l(libinit2.o)
    0x08000180   0x08000180   0x00000000   Code   RO         1463    .ARM.Collect$$libinit$$00000011  c_w.l(libinit2.o)
    0x08000180   0x08000180   0x0000000c   Code   RO         1464    .ARM.Collect$$libinit$$00000012  c_w.l(libinit2.o)
    0x0800018c   0x0800018c   0x00000000   Code   RO         1465    .ARM.Collect$$libinit$$00000013  c_w.l(libinit2.o)
    0x0800018c   0x0800018c   0x00000000   Code   RO         1467    .ARM.Collect$$libinit$$00000015  c_w.l(libinit2.o)
    0x0800018c   0x0800018c   0x00000000   Code   RO         1469    .ARM.Collect$$libinit$$00000017  c_w.l(libinit2.o)
    0x0800018c   0x0800018c   0x00000000   Code   RO         1471    .ARM.Collect$$libinit$$00000019  c_w.l(libinit2.o)
    0x0800018c   0x0800018c   0x00000000   Code   RO         1473    .ARM.Collect$$libinit$$0000001B  c_w.l(libinit2.o)
    0x0800018c   0x0800018c   0x00000000   Code   RO         1475    .ARM.Collect$$libinit$$0000001D  c_w.l(libinit2.o)
    0x0800018c   0x0800018c   0x00000000   Code   RO         1477    .ARM.Collect$$libinit$$0000001F  c_w.l(libinit2.o)
    0x0800018c   0x0800018c   0x00000000   Code   RO         1479    .ARM.Collect$$libinit$$00000021  c_w.l(libinit2.o)
    0x0800018c   0x0800018c   0x00000000   Code   RO         1481    .ARM.Collect$$libinit$$00000023  c_w.l(libinit2.o)
    0x0800018c   0x0800018c   0x00000004   Code   RO         1482    .ARM.Collect$$libinit$$00000024  c_w.l(libinit2.o)
    0x08000190   0x08000190   0x00000000   Code   RO         1483    .ARM.Collect$$libinit$$00000025  c_w.l(libinit2.o)
    0x08000190   0x08000190   0x00000000   Code   RO         1487    .ARM.Collect$$libinit$$0000002C  c_w.l(libinit2.o)
    0x08000190   0x08000190   0x00000000   Code   RO         1489    .ARM.Collect$$libinit$$0000002E  c_w.l(libinit2.o)
    0x08000190   0x08000190   0x00000000   Code   RO         1491    .ARM.Collect$$libinit$$00000030  c_w.l(libinit2.o)
    0x08000190   0x08000190   0x00000000   Code   RO         1493    .ARM.Collect$$libinit$$00000032  c_w.l(libinit2.o)
    0x08000190   0x08000190   0x00000002   Code   RO         1494    .ARM.Collect$$libinit$$00000033  c_w.l(libinit2.o)
    0x08000192   0x08000192   0x00000002   Code   RO         1629    .ARM.Collect$$libshutdown$$00000000  c_w.l(libshutdown.o)
    0x08000194   0x08000194   0x00000000   Code   RO         1496    .ARM.Collect$$libshutdown$$00000002  c_w.l(libshutdown2.o)
    0x08000194   0x08000194   0x00000000   Code   RO         1498    .ARM.Collect$$libshutdown$$00000004  c_w.l(libshutdown2.o)
    0x08000194   0x08000194   0x00000004   Code   RO         1499    .ARM.Collect$$libshutdown$$00000005  c_w.l(libshutdown2.o)
    0x08000198   0x08000198   0x00000000   Code   RO         1500    .ARM.Collect$$libshutdown$$00000006  c_w.l(libshutdown2.o)
    0x08000198   0x08000198   0x00000000   Code   RO         1503    .ARM.Collect$$libshutdown$$00000009  c_w.l(libshutdown2.o)
    0x08000198   0x08000198   0x00000000   Code   RO         1506    .ARM.Collect$$libshutdown$$0000000C  c_w.l(libshutdown2.o)
    0x08000198   0x08000198   0x00000000   Code   RO         1508    .ARM.Collect$$libshutdown$$0000000E  c_w.l(libshutdown2.o)
    0x08000198   0x08000198   0x00000000   Code   RO         1511    .ARM.Collect$$libshutdown$$00000011  c_w.l(libshutdown2.o)
    0x08000198   0x08000198   0x00000002   Code   RO         1512    .ARM.Collect$$libshutdown$$00000012  c_w.l(libshutdown2.o)
    0x0800019a   0x0800019a   0x00000000   Code   RO         1278    .ARM.Collect$$rtentry$$00000000  c_w.l(__rtentry.o)
    0x0800019a   0x0800019a   0x00000000   Code   RO         1311    .ARM.Collect$$rtentry$$00000002  c_w.l(__rtentry2.o)
    0x0800019a   0x0800019a   0x00000006   Code   RO         1323    .ARM.Collect$$rtentry$$00000004  c_w.l(__rtentry4.o)
    0x080001a0   0x080001a0   0x00000000   Code   RO         1313    .ARM.Collect$$rtentry$$00000009  c_w.l(__rtentry2.o)
    0x080001a0   0x080001a0   0x00000004   Code   RO         1314    .ARM.Collect$$rtentry$$0000000A  c_w.l(__rtentry2.o)
    0x080001a4   0x080001a4   0x00000000   Code   RO         1316    .ARM.Collect$$rtentry$$0000000C  c_w.l(__rtentry2.o)
    0x080001a4   0x080001a4   0x00000008   Code   RO         1317    .ARM.Collect$$rtentry$$0000000D  c_w.l(__rtentry2.o)
    0x080001ac   0x080001ac   0x00000002   Code   RO         1516    .ARM.Collect$$rtexit$$00000000  c_w.l(rtexit.o)
    0x080001ae   0x080001ae   0x00000000   Code   RO         1580    .ARM.Collect$$rtexit$$00000002  c_w.l(rtexit2.o)
    0x080001ae   0x080001ae   0x00000004   Code   RO         1581    .ARM.Collect$$rtexit$$00000003  c_w.l(rtexit2.o)
    0x080001b2   0x080001b2   0x00000006   Code   RO         1582    .ARM.Collect$$rtexit$$00000004  c_w.l(rtexit2.o)
    0x080001b8   0x080001b8   0x00000000   Code   RO         1588    .emb_text           c_w.l(maybetermalloc1.o)
    0x080001b8   0x080001b8   0x00000040   Code   RO            4    .text               startup_stm32f103xb.o
    0x080001f8   0x080001f8   0x00000018   Code   RO         1196    .text               c_w.l(noretval__2printf.o)
    0x08000210   0x08000210   0x00000028   Code   RO         1198    .text               c_w.l(noretval__2sprintf.o)
    0x08000238   0x08000238   0x00000068   Code   RO         1200    .text               c_w.l(__printf.o)
    0x080002a0   0x080002a0   0x00000052   Code   RO         1202    .text               c_w.l(_printf_str.o)
    0x080002f2   0x080002f2   0x00000002   PAD
    0x080002f4   0x080002f4   0x00000078   Code   RO         1204    .text               c_w.l(_printf_dec.o)
    0x0800036c   0x0800036c   0x0000003c   Code   RO         1251    .text               c_w.l(__0sscanf.o)
    0x080003a8   0x080003a8   0x0000014c   Code   RO         1253    .text               c_w.l(_scanf_int.o)
    0x080004f4   0x080004f4   0x0000002c   Code   RO         1255    .text               c_w.l(puts.o)
    0x08000520   0x08000520   0x0000000c   Code   RO         1257    .text               c_w.l(strtok.o)
    0x0800052c   0x0800052c   0x00000048   Code   RO         1260    .text               c_w.l(strcpy.o)
    0x08000574   0x08000574   0x0000003e   Code   RO         1262    .text               c_w.l(strlen.o)
    0x080005b2   0x080005b2   0x00000096   Code   RO         1264    .text               c_w.l(strncmp.o)
    0x08000648   0x08000648   0x00000018   Code   RO         1266    .text               c_w.l(strcat.o)
    0x08000660   0x08000660   0x00000064   Code   RO         1268    .text               c_w.l(rt_memcpy_w.o)
    0x080006c4   0x080006c4   0x0000004e   Code   RO         1270    .text               c_w.l(rt_memclr_w.o)
    0x08000712   0x08000712   0x00000002   PAD
    0x08000714   0x08000714   0x00000080   Code   RO         1272    .text               c_w.l(strcmpv7m.o)
    0x08000794   0x08000794   0x00000006   Code   RO         1274    .text               c_w.l(heapauxi.o)
    0x0800079a   0x0800079a   0x000000b2   Code   RO         1279    .text               c_w.l(_printf_intcommon.o)
    0x0800084c   0x0800084c   0x00000030   Code   RO         1281    .text               c_w.l(_printf_char_common.o)
    0x0800087c   0x0800087c   0x0000000a   Code   RO         1283    .text               c_w.l(_sputc.o)
    0x08000886   0x08000886   0x0000002c   Code   RO         1285    .text               c_w.l(_printf_char.o)
    0x080008b2   0x080008b2   0x00000002   PAD
    0x080008b4   0x080008b4   0x00000024   Code   RO         1287    .text               c_w.l(_printf_char_file.o)
    0x080008d8   0x080008d8   0x0000001c   Code   RO         1290    .text               c_w.l(_chval.o)
    0x080008f4   0x080008f4   0x0000002c   Code   RO         1292    .text               c_w.l(scanf_char.o)
    0x08000920   0x08000920   0x00000040   Code   RO         1294    .text               c_w.l(_sgetc.o)
    0x08000960   0x08000960   0x00000044   Code   RO         1308    .text               c_w.l(strtok_int.o)
    0x080009a4   0x080009a4   0x00000012   Code   RO         1325    .text               c_w.l(isspace.o)
    0x080009b6   0x080009b6   0x00000002   PAD
    0x080009b8   0x080009b8   0x00000374   Code   RO         1329    .text               c_w.l(_scanf.o)
    0x08000d2c   0x08000d2c   0x00000008   Code   RO         1331    .text               c_w.l(ferror.o)
    0x08000d34   0x08000d34   0x000001d6   Code   RO         1333    .text               c_w.l(flsbuf.o)
    0x08000f0a   0x08000f0a   0x00000002   PAD
    0x08000f0c   0x08000f0c   0x00000138   Code   RO         1335    .text               c_w.l(initio.o)
    0x08001044   0x08001044   0x00000020   Code   RO         1341    .text               c_w.l(strcspn.o)
    0x08001064   0x08001064   0x0000001c   Code   RO         1343    .text               c_w.l(strspn.o)
    0x08001080   0x08001080   0x0000004a   Code   RO         1349    .text               c_w.l(sys_stackheap_outer.o)
    0x080010ca   0x080010ca   0x00000002   PAD
    0x080010cc   0x080010cc   0x00000010   Code   RO         1351    .text               c_w.l(rt_ctype_table.o)
    0x080010dc   0x080010dc   0x0000005e   Code   RO         1357    .text               c_w.l(h1_alloc.o)
    0x0800113a   0x0800113a   0x0000004e   Code   RO         1359    .text               c_w.l(h1_free.o)
    0x08001188   0x08001188   0x00000046   Code   RO         1417    .text               c_w.l(setvbuf.o)
    0x080011ce   0x080011ce   0x00000002   PAD
    0x080011d0   0x080011d0   0x000000f0   Code   RO         1419    .text               c_w.l(stdio.o)
    0x080012c0   0x080012c0   0x000000ec   Code   RO         1424    .text               c_w.l(fopen.o)
    0x080013ac   0x080013ac   0x0000004c   Code   RO         1426    .text               c_w.l(fclose.o)
    0x080013f8   0x080013f8   0x00000012   Code   RO         1436    .text               c_w.l(exit.o)
    0x0800140a   0x0800140a   0x0000000e   Code   RO         1438    .text               c_w.l(defsig_rtred_outer.o)
    0x08001418   0x08001418   0x00000008   Code   RO         1513    .text               c_w.l(libspace.o)
    0x08001420   0x08001420   0x00000008   Code   RO         1523    .text               c_w.l(rt_heap_descriptor_intlibspace.o)
    0x08001428   0x08001428   0x00000008   Code   RO         1528    .text               c_w.l(rt_locale_intlibspace.o)
    0x08001430   0x08001430   0x00000004   Code   RO         1530    .text               c_w.l(hguard.o)
    0x08001434   0x08001434   0x0000008a   Code   RO         1532    .text               c_w.l(init_alloc.o)
    0x080014be   0x080014be   0x0000000e   Code   RO         1536    .text               c_w.l(h1_init.o)
    0x080014cc   0x080014cc   0x000000f8   Code   RO         1554    .text               c_w.l(fseek.o)
    0x080015c4   0x080015c4   0x0000000a   Code   RO         1563    .text               c_w.l(defsig_exit.o)
    0x080015ce   0x080015ce   0x00000002   PAD
    0x080015d0   0x080015d0   0x00000034   Code   RO         1565    .text               c_w.l(defsig_rtred_inner.o)
    0x08001604   0x08001604   0x0000000c   Code   RO         1577    .text               c_w.l(sys_exit.o)
    0x08001610   0x08001610   0x00000034   Code   RO         1590    .text               c_w.l(h1_extend.o)
    0x08001644   0x08001644   0x00000042   Code   RO         1594    .text               c_w.l(ftell.o)
    0x08001686   0x08001686   0x00000032   Code   RO         1598    .text               c_w.l(defsig_general.o)
    0x080016b8   0x080016b8   0x0000000e   Code   RO         1600    .text               c_w.l(defsig_rtmem_outer.o)
    0x080016c6   0x080016c6   0x0000000e   Code   RO         1611    .text               c_w.l(sys_wrch.o)
    0x080016d4   0x080016d4   0x00000002   Code   RO         1613    .text               c_w.l(use_no_semi.o)
    0x080016d6   0x080016d6   0x00000000   Code   RO         1615    .text               c_w.l(indicate_semi.o)
    0x080016d6   0x080016d6   0x00000002   PAD
    0x080016d8   0x080016d8   0x00000008   Code   RO         1619    .text               c_w.l(rt_errno_addr_intlibspace.o)
    0x080016e0   0x080016e0   0x00000050   Code   RO         1623    .text               c_w.l(defsig_rtmem_inner.o)
    0x08001730   0x08001730   0x00000002   Code   RO          401    i.BusFault_Handler  stm32f1xx_it.o
    0x08001732   0x08001732   0x00000002   Code   RO          402    i.DebugMon_Handler  stm32f1xx_it.o
    0x08001734   0x08001734   0x00000002   Code   RO          403    i.HardFault_Handler  stm32f1xx_it.o
    0x08001736   0x08001736   0x00000002   PAD
    0x08001738   0x08001738   0x00000018   Code   RO          264    i.LL_APB1_GRP1_EnableClock  tim.o
    0x08001750   0x08001750   0x00000018   Code   RO          216    i.LL_APB2_GRP1_EnableClock  gpio.o
    0x08001768   0x08001768   0x00000018   Code   RO          265    i.LL_APB2_GRP1_EnableClock  tim.o
    0x08001780   0x08001780   0x00000018   Code   RO          333    i.LL_APB2_GRP1_EnableClock  usart.o
    0x08001798   0x08001798   0x000000f0   Code   RO          622    i.LL_GPIO_Init      stm32f1xx_ll_gpio.o
    0x08001888   0x08001888   0x0000001a   Code   RO          952    i.LL_Init1msTick    stm32f1xx_ll_utils.o
    0x080018a2   0x080018a2   0x00000020   Code   RO          882    i.LL_RCC_GetSystemClocksFreq  stm32f1xx_ll_rcc.o
    0x080018c2   0x080018c2   0x00000002   PAD
    0x080018c4   0x080018c4   0x0000000c   Code   RO          957    i.LL_SetSystemCoreClock  stm32f1xx_ll_utils.o
    0x080018d0   0x080018d0   0x00000068   Code   RO          746    i.LL_TIM_Init       stm32f1xx_ll_tim.o
    0x08001938   0x08001938   0x00000054   Code   RO          266    i.LL_TIM_OC_DisablePreload  tim.o
    0x0800198c   0x0800198c   0x00000054   Code   RO          267    i.LL_TIM_OC_EnableFast  tim.o
    0x080019e0   0x080019e0   0x00000054   Code   RO          268    i.LL_TIM_OC_EnablePreload  tim.o
    0x08001a34   0x08001a34   0x0000018c   Code   RO          747    i.LL_TIM_OC_Init    stm32f1xx_ll_tim.o
    0x08001bc0   0x08001bc0   0x000000e4   Code   RO         1035    i.LL_USART_Init     stm32f1xx_ll_usart.o
    0x08001ca4   0x08001ca4   0x0000001e   Code   RO          958    i.LL_mDelay         stm32f1xx_ll_utils.o
    0x08001cc2   0x08001cc2   0x00000002   PAD
    0x08001cc4   0x08001cc4   0x0000004c   Code   RO          217    i.MX_GPIO_Init      gpio.o
    0x08001d10   0x08001d10   0x000000e0   Code   RO          269    i.MX_TIM2_Init      tim.o
    0x08001df0   0x08001df0   0x000000e4   Code   RO          270    i.MX_TIM3_Init      tim.o
    0x08001ed4   0x08001ed4   0x0000013c   Code   RO          271    i.MX_TIM4_Init      tim.o
    0x08002010   0x08002010   0x000000e8   Code   RO          334    i.MX_USART1_UART_Init  usart.o
    0x080020f8   0x080020f8   0x00000002   Code   RO          404    i.MemManage_Handler  stm32f1xx_it.o
    0x080020fa   0x080020fa   0x00000002   Code   RO          405    i.NMI_Handler       stm32f1xx_it.o
    0x080020fc   0x080020fc   0x00000002   Code   RO          406    i.PendSV_Handler    stm32f1xx_it.o
    0x080020fe   0x080020fe   0x00000002   PAD
    0x08002100   0x08002100   0x0000001c   Code   RO          884    i.RCC_GetHCLKClockFreq  stm32f1xx_ll_rcc.o
    0x0800211c   0x0800211c   0x0000001c   Code   RO          885    i.RCC_GetPCLK1ClockFreq  stm32f1xx_ll_rcc.o
    0x08002138   0x08002138   0x0000001c   Code   RO          886    i.RCC_GetPCLK2ClockFreq  stm32f1xx_ll_rcc.o
    0x08002154   0x08002154   0x00000024   Code   RO          887    i.RCC_GetSystemClockFreq  stm32f1xx_ll_rcc.o
    0x08002178   0x08002178   0x0000003c   Code   RO          888    i.RCC_PLL_GetFreqDomain_SYS  stm32f1xx_ll_rcc.o
    0x080021b4   0x080021b4   0x00000002   Code   RO          407    i.SVC_Handler       stm32f1xx_it.o
    0x080021b6   0x080021b6   0x00000002   Code   RO          408    i.SysTick_Handler   stm32f1xx_it.o
    0x080021b8   0x080021b8   0x0000009c   Code   RO           69    i.SystemClock_Config  main.o
    0x08002254   0x08002254   0x00000002   Code   RO         1084    i.SystemInit        system_stm32f1xx.o
    0x08002256   0x08002256   0x00000002   PAD
    0x08002258   0x08002258   0x0000009c   Code   RO           70    i.USART1_IRQHandler  main.o
    0x080022f4   0x080022f4   0x00000002   Code   RO          409    i.UsageFault_Handler  stm32f1xx_it.o
    0x080022f6   0x080022f6   0x00000020   Code   RO           71    i.__NVIC_SetPriority  main.o
    0x08002316   0x08002316   0x00000018   Code   RO         1118    i._sys_close        retarget_io.o
    0x0800232e   0x0800232e   0x0000000c   Code   RO         1119    i._sys_flen         retarget_io.o
    0x0800233a   0x0800233a   0x00000018   Code   RO         1120    i._sys_istty        retarget_io.o
    0x08002352   0x08002352   0x00000002   PAD
    0x08002354   0x08002354   0x0000005c   Code   RO         1121    i._sys_open         retarget_io.o
    0x080023b0   0x080023b0   0x00000006   Code   RO         1123    i._sys_seek         retarget_io.o
    0x080023b6   0x080023b6   0x0000002e   Code   RO         1124    i._sys_write        retarget_io.o
    0x080023e4   0x080023e4   0x00000038   Code   RO          479    i.angle_to_pulse    servo.o
    0x0800241c   0x0800241c   0x00000088   Code   RO          577    i.execute_automation_task  automation.o
    0x080024a4   0x080024a4   0x00000008   Code   RO           12    i.fifo_init         fifo.o
    0x080024ac   0x080024ac   0x0000001a   Code   RO         1297    i.fputc             c_w.l(fputc.o)
    0x080024c6   0x080024c6   0x00000002   PAD
    0x080024c8   0x080024c8   0x0000018c   Code   RO           73    i.main              main.o
    0x08002654   0x08002654   0x00000058   Code   RO          578    i.move_to_pose      automation.o
    0x080026ac   0x080026ac   0x000000c0   Code   RO           74    i.process_command   main.o
    0x0800276c   0x0800276c   0x00000090   Code   RO          481    i.servo_cmd_angle   servo.o
    0x080027fc   0x080027fc   0x00000054   Code   RO          482    i.servo_init        servo.o
    0x08002850   0x08002850   0x00000060   Code   RO          484    i.servo_pulse       servo.o
    0x080028b0   0x080028b0   0x0000001c   Code   RO          485    i.servo_read        servo.o
    0x080028cc   0x080028cc   0x0000009c   Code   RO          486    i.servo_run         servo.o
    0x08002968   0x08002968   0x00000038   Code   RO          487    i.servo_step        servo.o
    0x080029a0   0x080029a0   0x00000030   Code   RO          488    i.servo_write       servo.o
    0x080029d0   0x080029d0   0x0000001e   Code   RO          489    i.servo_write_angle  servo.o
    0x080029ee   0x080029ee   0x00000002   PAD
    0x080029f0   0x080029f0   0x00000060   Code   RO          490    i.servos_init_all   servo.o
    0x08002a50   0x08002a50   0x00000014   Code   RO          336    i.stdout_putchar    usart.o
    0x08002a64   0x08002a64   0x0000000e   Code   RO          338    i.uart_tx           usart.o
    0x08002a72   0x08002a72   0x00000002   PAD
    0x08002a74   0x08002a74   0x0000002c   Code   RO         1561    locale$$code        c_w.l(lc_ctype_c.o)
    0x08002aa0   0x08002aa0   0x0000000e   Data   RO          272    .constdata          tim.o
    0x08002aae   0x08002aae   0x00000002   PAD
    0x08002ab0   0x08002ab0   0x00000024   Data   RO          491    .constdata          servo.o
    0x08002ad4   0x08002ad4   0x0000000c   Data   RO          579    .constdata          automation.o
    0x08002ae0   0x08002ae0   0x0000000c   Data   RO          580    .constdata          automation.o
    0x08002aec   0x08002aec   0x0000000c   Data   RO          581    .constdata          automation.o
    0x08002af8   0x08002af8   0x0000000c   Data   RO          582    .constdata          automation.o
    0x08002b04   0x08002b04   0x0000000c   Data   RO          583    .constdata          automation.o
    0x08002b10   0x08002b10   0x0000000c   Data   RO          584    .constdata          automation.o
    0x08002b1c   0x08002b1c   0x0000000c   Data   RO          585    .constdata          automation.o
    0x08002b28   0x08002b28   0x0000000c   Data   RO          586    .constdata          automation.o
    0x08002b34   0x08002b34   0x0000000c   Data   RO          587    .constdata          automation.o
    0x08002b40   0x08002b40   0x00000010   Data   RO         1085    .constdata          system_stm32f1xx.o
    0x08002b50   0x08002b50   0x00000008   Data   RO         1086    .constdata          system_stm32f1xx.o
    0x08002b58   0x08002b58   0x00000007   Data   RO         1125    .constdata          retarget_io.o
    0x08002b5f   0x08002b5f   0x00000008   Data   RO         1126    .constdata          retarget_io.o
    0x08002b67   0x08002b67   0x00000008   Data   RO         1127    .constdata          retarget_io.o
    0x08002b6f   0x08002b6f   0x00000001   PAD
    0x08002b70   0x08002b70   0x00000020   Data   RO         1648    Region$$Table       anon$$obj.o
    0x08002b90   0x08002b90   0x00000110   Data   RO         1560    locale$$data        c_w.l(lc_ctype_c.o)


    Execution Region RW_IRAM1 (Exec base: 0x20000000, Load base: 0x08002ca0, Size: 0x00000d50, Max: 0x00005000, ABSOLUTE)

    Exec Addr    Load Addr    Size         Type   Attr      Idx    E Section Name        Object

    0x20000000   0x08002ca0   0x00000004   Data   RW           76    .data               main.o
    0x20000004   0x08002ca4   0x000000ac   Data   RW          492    .data               servo.o
    0x200000b0   0x08002d50   0x00000028   Data   RW          588    .data               automation.o
    0x200000d8   0x08002d78   0x00000004   Data   RW         1087    .data               system_stm32f1xx.o
    0x200000dc   0x08002d7c   0x00000004   Data   RW         1258    .data               c_w.l(strtok.o)
    0x200000e0   0x08002d80   0x00000004   Data   RW         1303    .data               c_w.l(stdio_streams.o)
    0x200000e4   0x08002d84   0x00000004   Data   RW         1304    .data               c_w.l(stdio_streams.o)
    0x200000e8   0x08002d88   0x00000004   Data   RW         1305    .data               c_w.l(stdio_streams.o)
    0x200000ec        -       0x00000100   Zero   RW           75    .bss                main.o
    0x200001ec        -       0x00000408   Zero   RW          339    .bss                usart.o
    0x200005f4        -       0x00000054   Zero   RW         1300    .bss                c_w.l(stdio_streams.o)
    0x20000648        -       0x00000054   Zero   RW         1301    .bss                c_w.l(stdio_streams.o)
    0x2000069c        -       0x00000054   Zero   RW         1302    .bss                c_w.l(stdio_streams.o)
    0x200006f0        -       0x00000060   Zero   RW         1514    .bss                c_w.l(libspace.o)
    0x20000750        -       0x00000200   Zero   RW            2    HEAP                startup_stm32f103xb.o
    0x20000950        -       0x00000400   Zero   RW            1    STACK               startup_stm32f103xb.o


==============================================================================

Image component sizes


      Code (inc. data)   RO Data    RW Data    ZI Data      Debug   Object Name

       224         86        108         40          0       2479   automation.o
         8          0          0          0          0       2599   fifo.o
       100         14          0          0          0      20307   gpio.o
       932        280          0          4        256     406578   main.o
       204         24         23          0          0       4850   retarget_io.o
       794        104         36        172          0      31989   servo.o
        64         26        236          0       1536        780   startup_stm32f103xb.o
        18          0          0          0          0       3614   stm32f1xx_it.o
       240          0          0          0          0      10287   stm32f1xx_ll_gpio.o
       212         48          0          0          0      13155   stm32f1xx_ll_rcc.o
       500         18          0          0          0      31519   stm32f1xx_ll_tim.o
       228         14          0          0          0      15248   stm32f1xx_ll_usart.o
        68          6          0          0          0       5629   stm32f1xx_ll_utils.o
         2          0         24          4          0       1031   system_stm32f1xx.o
      1068         70         14          0          0      37621   tim.o
       290         40          0          0       1032      48287   usart.o

    ----------------------------------------------------------------------
      4968        730        476        220       2824     635973   Object Totals
         0          0         32          0          0          0   (incl. Generated)
        16          0          3          0          0          0   (incl. Padding)

    ----------------------------------------------------------------------

      Code (inc. data)   RO Data    RW Data    ZI Data      Debug   Library Member Name

        60          8          0          0          0         84   __0sscanf.o
         8          0          0          0          0         68   __main.o
       104          0          0          0          0         84   __printf.o
         0          0          0          0          0          0   __rtentry.o
        12          0          0          0          0          0   __rtentry2.o
         6          0          0          0          0          0   __rtentry4.o
        52          8          0          0          0          0   __scatter.o
        26          0          0          0          0          0   __scatter_copy.o
        28          0          0          0          0          0   __scatter_zi.o
        28          0          0          0          0         68   _chval.o
        44          0          0          0          0        108   _printf_char.o
        48          6          0          0          0         96   _printf_char_common.o
        36          4          0          0          0         80   _printf_char_file.o
         6          0          0          0          0          0   _printf_d.o
       120         16          0          0          0         92   _printf_dec.o
       178          0          0          0          0         88   _printf_intcommon.o
         0          0          0          0          0          0   _printf_percent.o
         4          0          0          0          0          0   _printf_percent_end.o
         6          0          0          0          0          0   _printf_s.o
        82          0          0          0          0         80   _printf_str.o
       884          4          0          0          0        100   _scanf.o
       332          0          0          0          0         96   _scanf_int.o
        64          0          0          0          0         84   _sgetc.o
        10          0          0          0          0         68   _sputc.o
        10          0          0          0          0         68   defsig_exit.o
        50          0          0          0          0         88   defsig_general.o
        80         58          0          0          0         76   defsig_rtmem_inner.o
        14          0          0          0          0         80   defsig_rtmem_outer.o
        52         38          0          0          0         76   defsig_rtred_inner.o
        14          0          0          0          0         80   defsig_rtred_outer.o
        18          0          0          0          0         80   exit.o
        76          0          0          0          0         88   fclose.o
         8          0          0          0          0         68   ferror.o
       470          0          0          0          0         88   flsbuf.o
       236          4          0          0          0        128   fopen.o
        26          0          0          0          0         68   fputc.o
       248          6          0          0          0         84   fseek.o
        66          0          0          0          0         76   ftell.o
        94          0          0          0          0         80   h1_alloc.o
        52          0          0          0          0         68   h1_extend.o
        78          0          0          0          0         80   h1_free.o
        14          0          0          0          0         84   h1_init.o
         6          0          0          0          0        152   heapauxi.o
         4          0          0          0          0        136   hguard.o
         0          0          0          0          0          0   indicate_semi.o
       138          0          0          0          0        168   init_alloc.o
       312         46          0          0          0        112   initio.o
        18          0          0          0          0         76   isspace.o
        44         10        272          0          0         76   lc_ctype_c.o
         2          0          0          0          0          0   libinit.o
        32          0          0          0          0          0   libinit2.o
         2          0          0          0          0          0   libshutdown.o
         6          0          0          0          0          0   libshutdown2.o
         8          4          0          0         96         68   libspace.o
         0          0          0          0          0          0   maybetermalloc1.o
        24          4          0          0          0         84   noretval__2printf.o
        40          6          0          0          0         84   noretval__2sprintf.o
        44          4          0          0          0         84   puts.o
        16          4          0          0          0         76   rt_ctype_table.o
         8          4          0          0          0         68   rt_errno_addr_intlibspace.o
         8          4          0          0          0         68   rt_heap_descriptor_intlibspace.o
         8          4          0          0          0         68   rt_locale_intlibspace.o
        78          0          0          0          0         80   rt_memclr_w.o
       100          0          0          0          0         80   rt_memcpy_w.o
         2          0          0          0          0          0   rtexit.o
        10          0          0          0          0          0   rtexit2.o
        44          8          0          0          0         84   scanf_char.o
        70          0          0          0          0         80   setvbuf.o
       240          6          0          0          0        156   stdio.o
         0          0          0         12        252          0   stdio_streams.o
        24          0          0          0          0         68   strcat.o
       128          0          0          0          0         68   strcmpv7m.o
        72          0          0          0          0         80   strcpy.o
        32          0          0          0          0         80   strcspn.o
        62          0          0          0          0         76   strlen.o
       150          0          0          0          0         80   strncmp.o
        28          0          0          0          0         80   strspn.o
        12          6          0          4          0         68   strtok.o
        68          4          0          0          0         84   strtok_int.o
        12          4          0          0          0         68   sys_exit.o
        74          0          0          0          0         80   sys_stackheap_outer.o
        14          0          0          0          0         76   sys_wrch.o
         2          0          0          0          0         68   use_no_semi.o

    ----------------------------------------------------------------------
      5708        270        272         16        348       5432   Library Totals
        22          0          0          0          0          0   (incl. Padding)

    ----------------------------------------------------------------------

      Code (inc. data)   RO Data    RW Data    ZI Data      Debug   Library Name

      5686        270        272         16        348       5432   c_w.l

    ----------------------------------------------------------------------
      5708        270        272         16        348       5432   Library Totals

    ----------------------------------------------------------------------

==============================================================================


      Code (inc. data)   RO Data    RW Data    ZI Data      Debug   

     10676       1000        748        236       3172     635317   Grand Totals
     10676       1000        748        236       3172     635317   ELF Image Totals
     10676       1000        748        236          0          0   ROM Totals

==============================================================================

    Total RO  Size (Code + RO Data)                11424 (  11.16kB)
    Total RW  Size (RW Data + ZI Data)              3408 (   3.33kB)
    Total ROM Size (Code + RO Data + RW Data)      11660 (  11.39kB)

==============================================================================

