<html>
<body>
<pre>
<h1>µVision Build Log</h1>
<h2>Tool Versions:</h2>
IDE-Version: ¦ÌVision V5.42.0.0
Copyright (C) 2025 ARM Ltd and ARM Germany GmbH. All rights reserved.
License Information: xian yun, N/A, LIC=S85Z3-U9GFD-HA5DG-8NV19-RM735-GN9TJ
 
Tool Versions:
Toolchain:       MDK-ARM Community  Version: 5.42.0.0
Toolchain Path:  D:\Keil_v5\ARM\ARMCC\Bin
C Compiler:      Armcc.exe V5.06 update 7 (build 960)
Assembler:       Armasm.exe V5.06 update 7 (build 960)
Linker/Locator:  ArmLink.exe V5.06 update 7 (build 960)
Library Manager: ArmAr.exe V5.06 update 7 (build 960)
Hex Converter:   FromElf.exe V5.06 update 7 (build 960)
CPU DLL:         SARMCM3.DLL V5.42.0.0
Dialog DLL:      DCM.DLL V1.17.5.0
Target DLL:      STLink\ST-LINKIII-KEIL_SWO.dll V3.3.0.0
Dialog DLL:      TCM.DLL V1.56.6.0
 
<h2>Project:</h2>
E:\Keil5_Project\Wearm\MDK-ARM\Wearm.uvprojx
Project File Date:  06/09/2025

<h2>Output:</h2>
*** Using Compiler 'V5.06 update 7 (build 960)', folder: 'D:\Keil_v5\ARM\ARMCC\Bin'
Rebuild target 'Wearm'
compiling fifo.c...
assembling startup_stm32f103xb.s...
compiling stm32f1xx_ll_exti.c...
compiling stm32f1xx_ll_gpio.c...
compiling stm32f1xx_ll_pwr.c...
compiling stm32f1xx_ll_dma.c...
compiling gpio.c...
compiling stm32f1xx_ll_rcc.c...
compiling stm32f1xx_ll_tim.c...
compiling retarget_io.c...
compiling main.c...
compiling stm32f1xx_ll_utils.c...
compiling stm32f1xx_it.c...
compiling usart.c...
compiling tim.c...
compiling automation.c...
compiling servo.c...
compiling system_stm32f1xx.c...
compiling stm32f1xx_ll_usart.c...
linking...
Program Size: Code=10676 RO-data=748 RW-data=236 ZI-data=3172  
FromELF: creating hex file...
"Wearm\Wearm.axf" - 0 Error(s), 0 Warning(s).

<h2>Software Packages used:</h2>

Package Vendor: ARM
                https://www.keil.com/pack/ARM.CMSIS.6.1.0.pack
                ARM::CMSIS@6.1.0
                CMSIS (Common Microcontroller Software Interface Standard)
   * Component: CORE Version: 6.1.0

Package Vendor: Keil
                https://www.keil.com/pack/Keil.ARM_Compiler.1.7.2.pack
                Keil::ARM_Compiler@1.7.2
                Keil ARM Compiler extensions for ARM Compiler 5 and ARM Compiler 6
   * Component: STDIN Variant: User Version: 1.2.0
   * Component: STDOUT Variant: User Version: 1.2.0

Package Vendor: Keil
                https://www.keil.com/pack/Keil.STM32F1xx_DFP.2.4.1.pack
                Keil::STM32F1xx_DFP@2.4.1
                STMicroelectronics STM32F1 Series Device Support, Drivers and Examples

<h2>Collection of Component include folders:</h2>
  ./RTE/_Wearm
  E:/Keil_v5/Arm/Packs/ARM/CMSIS/6.1.0/CMSIS/Core/Include
  E:/Keil_v5/Arm/Packs/Keil/STM32F1xx_DFP/2.4.1/Device/Include

<h2>Collection of Component Files used:</h2>

   * Component: ARM::CMSIS:CORE@6.1.0
      Include file:  CMSIS/Core/Include/tz_context.h

   * Component: Keil::Compiler&ARM Compiler:I/O:STDIN&User@1.2.0
      Source file:   Template/stdin_user.c
      Source file:   Source/retarget_io.c
      Source file:   Template/stdin_keyboard.c
      Source file:   Template/stdin_USART.c

   * Component: Keil::Compiler&ARM Compiler:I/O:STDOUT&User@1.2.0
      Source file:   Template/stdout_USART.c
      Source file:   Template/stdout_display.c
      Source file:   Template/stdout_user.c
      Source file:   Source/retarget_io.c
Build Time Elapsed:  00:00:02
</pre>
</body>
</html>
